Archive member included to satisfy reference by file (symbol)

../../../../../libopencm3//lib/libopencm3_stm32f4.a(adc_common_v1.o)
                              spi-mems.o (adc_power_off)
../../../../../libopencm3//lib/libopencm3_stm32f4.a(adc_common_v1_multi.o)
                              spi-mems.o (adc_power_on)
../../../../../libopencm3//lib/libopencm3_stm32f4.a(adc_common_f47.o)
                              spi-mems.o (adc_set_sample_time_on_all_channels)
../../../../../libopencm3//lib/libopencm3_stm32f4.a(fmc_common_f47.o)
                              sdram.o (sdram_timing)
../../../../../libopencm3//lib/libopencm3_stm32f4.a(gpio_common_all.o)
                              lcd-spi.o (gpio_set)
../../../../../libopencm3//lib/libopencm3_stm32f4.a(gpio_common_f0234.o)
                              sdram.o (gpio_mode_setup)
../../../../../libopencm3//lib/libopencm3_stm32f4.a(rcc_common_all.o)
                              sdram.o (rcc_periph_clock_enable)
../../../../../libopencm3//lib/libopencm3_stm32f4.a(rcc.o)
                              clock.o (rcc_clock_setup_pll)
../../../../../libopencm3//lib/libopencm3_stm32f4.a(spi_common_all.o)
                              lcd-spi.o (spi_enable)
../../../../../libopencm3//lib/libopencm3_stm32f4.a(spi_common_v1.o)
                              lcd-spi.o (spi_init_master)
../../../../../libopencm3//lib/libopencm3_stm32f4.a(usart_common_all.o)
                              console.o (usart_set_baudrate)
../../../../../libopencm3//lib/libopencm3_stm32f4.a(usart_common_f124.o)
                              ../../../../../libopencm3//lib/libopencm3_stm32f4.a(usart_common_all.o) (usart_send)
../../../../../libopencm3//lib/libopencm3_stm32f4.a(vector.o)
                              (reset_handler)
../../../../../libopencm3//lib/libopencm3_stm32f4.a(systick.o)
                              clock.o (systick_set_reload)
../../../../../libopencm3//lib/libopencm3_stm32f4.a(scb.o)
                              console.o (scb_reset_system)
../../../../../libopencm3//lib/libopencm3_stm32f4.a(nvic.o)
                              console.o (nvic_enable_irq)
../../../../../libopencm3//lib/libopencm3_stm32f4.a(flash_common_all.o)
                              ../../../../../libopencm3//lib/libopencm3_stm32f4.a(rcc.o) (flash_set_ws)
../../../../../libopencm3//lib/libopencm3_stm32f4.a(flash_common_idcache.o)
                              ../../../../../libopencm3//lib/libopencm3_stm32f4.a(rcc.o) (flash_dcache_enable)
../../../../../libopencm3//lib/libopencm3_stm32f4.a(pwr.o)
                              ../../../../../libopencm3//lib/libopencm3_stm32f4.a(rcc.o) (pwr_set_vos_scale)

Discarded input sections

 .group         0x0000000000000000        0xc sdram.o
 .group         0x0000000000000000        0xc sdram.o
 .group         0x0000000000000000        0xc sdram.o
 .group         0x0000000000000000        0xc sdram.o
 .group         0x0000000000000000        0xc sdram.o
 .group         0x0000000000000000        0xc sdram.o
 .group         0x0000000000000000        0xc sdram.o
 .group         0x0000000000000000        0xc sdram.o
 .group         0x0000000000000000        0xc sdram.o
 .group         0x0000000000000000        0xc sdram.o
 .group         0x0000000000000000        0xc sdram.o
 .group         0x0000000000000000        0xc sdram.o
 .group         0x0000000000000000        0xc sdram.o
 .group         0x0000000000000000        0xc sdram.o
 .group         0x0000000000000000        0xc sdram.o
 .group         0x0000000000000000        0xc sdram.o
 .text          0x0000000000000000        0x0 sdram.o
 .data          0x0000000000000000        0x0 sdram.o
 .bss           0x0000000000000000        0x0 sdram.o
 .group         0x0000000000000000        0xc clock.o
 .group         0x0000000000000000        0xc clock.o
 .group         0x0000000000000000        0xc clock.o
 .group         0x0000000000000000        0xc clock.o
 .group         0x0000000000000000        0xc clock.o
 .group         0x0000000000000000        0xc clock.o
 .group         0x0000000000000000        0xc clock.o
 .group         0x0000000000000000        0xc clock.o
 .group         0x0000000000000000        0xc clock.o
 .group         0x0000000000000000        0xc clock.o
 .group         0x0000000000000000        0xc clock.o
 .group         0x0000000000000000        0xc clock.o
 .group         0x0000000000000000        0xc clock.o
 .text          0x0000000000000000        0x0 clock.o
 .data          0x0000000000000000        0x0 clock.o
 .bss           0x0000000000000000        0x0 clock.o
 .text.mtime    0x0000000000000000        0xc clock.o
 .debug_macro   0x0000000000000000      0xa96 clock.o
 .debug_macro   0x0000000000000000       0x1c clock.o
 .debug_macro   0x0000000000000000      0x34e clock.o
 .debug_macro   0x0000000000000000       0x22 clock.o
 .debug_macro   0x0000000000000000       0xe8 clock.o
 .debug_macro   0x0000000000000000       0x76 clock.o
[...]
Memory Configuration

Name             Origin             Length             Attributes
rom              0x0000000008000000 0x0000000000200000 xr
ccm              0x0000000010000000 0x0000000000010000 xrw
ram              0x0000000020000000 0x0000000000030000 xrw
*default*        0x0000000000000000 0xffffffffffffffff

Linker script and memory map

LOAD sdram.o
LOAD clock.o
LOAD console.o
LOAD lcd-spi.o
LOAD gfx.o
LOAD spi-mems.o
LOAD /usr/lib/gcc/arm-none-eabi/8.3.1/../../../arm-none-eabi/lib/thumb/v7e-m+fp/hard/libm.a
LOAD ../../../../../libopencm3//lib/libopencm3_stm32f4.a
START GROUP
LOAD /usr/lib/gcc/arm-none-eabi/8.3.1/../../../arm-none-eabi/lib/thumb/v7e-m+fp/hard/libc.a
LOAD /usr/lib/gcc/arm-none-eabi/8.3.1/thumb/v7e-m+fp/hard/libgcc.a
LOAD /usr/lib/gcc/arm-none-eabi/8.3.1/../../../arm-none-eabi/lib/thumb/v7e-m+fp/hard/libnosys.a
END GROUP
START GROUP
LOAD /usr/lib/gcc/arm-none-eabi/8.3.1/thumb/v7e-m+fp/hard/libgcc.a
LOAD /usr/lib/gcc/arm-none-eabi/8.3.1/../../../arm-none-eabi/lib/thumb/v7e-m+fp/hard/libg.a
LOAD /usr/lib/gcc/arm-none-eabi/8.3.1/../../../arm-none-eabi/lib/thumb/v7e-m+fp/hard/libc.a
END GROUP

.text           0x0000000008000000     0x21c8
 *(.vectors)
 .vectors       0x0000000008000000      0x1ac ../../../../../libopencm3//lib/libopencm3_stm32f4.a(vector.o)
                0x0000000008000000                vector_table
 *(.text*)
 .text.sdram_init
                0x00000000080001ac       0xf8 sdram.o
                0x00000000080001ac                sdram_init
 .text.sys_tick_handler
                0x00000000080002a4       0x10 clock.o
                0x00000000080002a4                sys_tick_handler
 .text.msleep   0x00000000080002b4       0x14 clock.o
                0x00000000080002b4                msleep
 .text.clock_setup
                0x00000000080002c8       0x28 clock.o
                0x00000000080002c8                clock_setup
 .text.usart1_isr
                0x00000000080002f0       0x58 console.o
                0x00000000080002f0                usart1_isr
 .text.console_putc
                0x0000000008000348       0x18 console.o
                0x0000000008000348                console_putc
 .text.console_puts
                0x0000000008000360       0x1e console.o
                0x0000000008000360                console_puts
 *fill*         0x000000000800037e        0x2 
 .text.console_setup
                0x0000000008000380       0x80 console.o
                0x0000000008000380                console_setup
 .text.lcd_command
                0x0000000008000400       0x64 lcd-spi.o
 .text.print_hex
                0x0000000008000464       0x4c lcd-spi.o
 .text.lcd_draw_pixel
                0x00000000080004b0       0x14 lcd-spi.o
                0x00000000080004b0                lcd_draw_pixel
 .text.lcd_show_frame
                0x00000000080004c4       0x50 lcd-spi.o
                0x00000000080004c4                lcd_show_frame
 .text.lcd_spi_init
                0x0000000008000514      0x1b4 lcd-spi.o
                0x0000000008000514                lcd_spi_init
 .text.gfx_drawPixel
                0x00000000080006c8       0x2c gfx.o
                0x00000000080006c8                gfx_drawPixel
 .text.gfx_init
                0x00000000080006f4       0x20 gfx.o
                0x00000000080006f4                gfx_init
 .text.gfx_drawCircleHelper
                0x0000000008000714       0xd8 gfx.o
                0x0000000008000714                gfx_drawCircleHelper
 .text.gfx_drawLine
                0x00000000080007ec       0xb6 gfx.o
                0x00000000080007ec                gfx_drawLine
 .text.gfx_drawFastVLine
                0x00000000080008a2       0x16 gfx.o
                0x00000000080008a2                gfx_drawFastVLine
 .text.gfx_fillCircleHelper
                0x00000000080008b8       0xfe gfx.o
                0x00000000080008b8                gfx_fillCircleHelper
 .text.gfx_fillCircle
                0x00000000080009b6       0x30 gfx.o
                0x00000000080009b6                gfx_fillCircle
 .text.gfx_drawFastHLine
                0x00000000080009e6       0x16 gfx.o
                0x00000000080009e6                gfx_drawFastHLine
 .text.gfx_fillRect
                0x00000000080009fc       0x2a gfx.o
                0x00000000080009fc                gfx_fillRect
 *fill*         0x0000000008000a26        0x2 
 .text.gfx_fillScreen
                0x0000000008000a28       0x20 gfx.o
                0x0000000008000a28                gfx_fillScreen
 .text.gfx_drawRoundRect
                0x0000000008000a48       0xe0 gfx.o
                0x0000000008000a48                gfx_drawRoundRect
 .text.gfx_fillRoundRect
                0x0000000008000b28       0x76 gfx.o
                0x0000000008000b28                gfx_fillRoundRect
 *fill*         0x0000000008000b9e        0x2 
 .text.gfx_drawChar
                0x0000000008000ba0       0xdc gfx.o
                0x0000000008000ba0                gfx_drawChar
 .text.gfx_write
                0x0000000008000c7c       0x74 gfx.o
                0x0000000008000c7c                gfx_write
 .text.gfx_puts
                0x0000000008000cf0       0x12 gfx.o
                0x0000000008000cf0                gfx_puts
 *fill*         0x0000000008000d02        0x2 
 .text.gfx_setCursor
                0x0000000008000d04        0xc gfx.o
                0x0000000008000d04                gfx_setCursor
 .text.gfx_setTextSize
                0x0000000008000d10       0x10 gfx.o
                0x0000000008000d10                gfx_setTextSize
 .text.gfx_setTextColor
                0x0000000008000d20        0xc gfx.o
                0x0000000008000d20                gfx_setTextColor
 .text.spi_setup
                0x0000000008000d2c       0xc0 spi-mems.o
                0x0000000008000d2c                spi_setup
 .text.print_decimal
                0x0000000008000dec       0x74 spi-mems.o
                0x0000000008000dec                print_decimal
 .text.adc_update
                0x0000000008000e60       0x44 spi-mems.o
                0x0000000008000e60                adc_update
 .text.startup.main
                0x0000000008000ea4      0x3b8 spi-mems.o
                0x0000000008000ea4                main
 .text.adc_power_off
                0x000000000800125c        0xa ../../../../../libopencm3//lib/libopencm3_stm32f4.a(adc_common_v1.o)
                0x000000000800125c                adc_power_off
 .text.adc_disable_scan_mode
                0x0000000008001266        0xa ../../../../../libopencm3//lib/libopencm3_stm32f4.a(adc_common_v1.o)
                0x0000000008001266                adc_disable_scan_mode
 .text.adc_eoc  0x0000000008001270        0x8 ../../../../../libopencm3//lib/libopencm3_stm32f4.a(adc_common_v1.o)
                0x0000000008001270                adc_eoc
 .text.adc_read_regular
                0x0000000008001278        0x4 ../../../../../libopencm3//lib/libopencm3_stm32f4.a(adc_common_v1.o)
                0x0000000008001278                adc_read_regular
 .text.adc_set_regular_sequence
                0x000000000800127c       0x72 ../../../../../libopencm3//lib/libopencm3_stm32f4.a(adc_common_v1.o)
                0x000000000800127c                adc_set_regular_sequence
 .text.adc_start_conversion_regular
                0x00000000080012ee       0x14 ../../../../../libopencm3//lib/libopencm3_stm32f4.a(adc_common_v1.o)
                0x00000000080012ee                adc_start_conversion_regular
 .text.adc_power_on
                0x0000000008001302        0xa ../../../../../libopencm3//lib/libopencm3_stm32f4.a(adc_common_v1_multi.o)
                0x0000000008001302                adc_power_on
 .text.adc_set_sample_time_on_all_channels
                0x000000000800130c       0x2a ../../../../../libopencm3//lib/libopencm3_stm32f4.a(adc_common_f47.o)
                0x000000000800130c                adc_set_sample_time_on_all_channels
 .text.sdram_timing
                0x0000000008001336       0x4e ../../../../../libopencm3//lib/libopencm3_stm32f4.a(fmc_common_f47.o)
                0x0000000008001336                sdram_timing
 .text.sdram_command
                0x0000000008001384       0x64 ../../../../../libopencm3//lib/libopencm3_stm32f4.a(fmc_common_f47.o)
                0x0000000008001384                sdram_command
 .text.gpio_set
                0x00000000080013e8        0x4 ../../../../../libopencm3//lib/libopencm3_stm32f4.a(gpio_common_all.o)
                0x00000000080013e8                gpio_set
 .text.gpio_clear
                0x00000000080013ec        0x6 ../../../../../libopencm3//lib/libopencm3_stm32f4.a(gpio_common_all.o)
                0x00000000080013ec                gpio_clear
 .text.gpio_toggle
                0x00000000080013f2       0x12 ../../../../../libopencm3//lib/libopencm3_stm32f4.a(gpio_common_all.o)
                0x00000000080013f2                gpio_toggle
 .text.gpio_mode_setup
                0x0000000008001404       0x44 ../../../../../libopencm3//lib/libopencm3_stm32f4.a(gpio_common_f0234.o)
                0x0000000008001404                gpio_mode_setup
 .text.gpio_set_output_options
                0x0000000008001448       0x36 ../../../../../libopencm3//lib/libopencm3_stm32f4.a(gpio_common_f0234.o)
                0x0000000008001448                gpio_set_output_options
 .text.gpio_set_af
                0x000000000800147e       0x54 ../../../../../libopencm3//lib/libopencm3_stm32f4.a(gpio_common_f0234.o)
                0x000000000800147e                gpio_set_af
 .text.rcc_periph_clock_enable
                0x00000000080014d2       0x1a ../../../../../libopencm3//lib/libopencm3_stm32f4.a(rcc_common_all.o)
                0x00000000080014d2                rcc_periph_clock_enable
 .text.rcc_is_osc_ready
                0x00000000080014ec       0x5c ../../../../../libopencm3//lib/libopencm3_stm32f4.a(rcc.o)
                0x00000000080014ec                rcc_is_osc_ready
 .text.rcc_wait_for_osc_ready
                0x0000000008001548       0x10 ../../../../../libopencm3//lib/libopencm3_stm32f4.a(rcc.o)
                0x0000000008001548                rcc_wait_for_osc_ready
 .text.rcc_osc_on
                0x0000000008001558       0x58 ../../../../../libopencm3//lib/libopencm3_stm32f4.a(rcc.o)
                0x0000000008001558                rcc_osc_on
 .text.rcc_osc_off
                0x00000000080015b0       0x58 ../../../../../libopencm3//lib/libopencm3_stm32f4.a(rcc.o)
                0x00000000080015b0                rcc_osc_off
 .text.rcc_set_sysclk_source
                0x0000000008001608       0x14 ../../../../../libopencm3//lib/libopencm3_stm32f4.a(rcc.o)
                0x0000000008001608                rcc_set_sysclk_source
 .text.rcc_set_ppre2
                0x000000000800161c       0x14 ../../../../../libopencm3//lib/libopencm3_stm32f4.a(rcc.o)
                0x000000000800161c                rcc_set_ppre2
 .text.rcc_set_ppre1
                0x0000000008001630       0x14 ../../../../../libopencm3//lib/libopencm3_stm32f4.a(rcc.o)
                0x0000000008001630                rcc_set_ppre1
 .text.rcc_set_hpre
                0x0000000008001644       0x14 ../../../../../libopencm3//lib/libopencm3_stm32f4.a(rcc.o)
                0x0000000008001644                rcc_set_hpre
 .text.rcc_set_main_pll_hsi
                0x0000000008001658       0x44 ../../../../../libopencm3//lib/libopencm3_stm32f4.a(rcc.o)
                0x0000000008001658                rcc_set_main_pll_hsi
 .text.rcc_set_main_pll_hse
                0x000000000800169c       0x44 ../../../../../libopencm3//lib/libopencm3_stm32f4.a(rcc.o)
                0x000000000800169c                rcc_set_main_pll_hse
 .text.rcc_clock_setup_pll
                0x00000000080016e0       0xf4 ../../../../../libopencm3//lib/libopencm3_stm32f4.a(rcc.o)
                0x00000000080016e0                rcc_clock_setup_pll
 .text.spi_enable
                0x00000000080017d4        0xa ../../../../../libopencm3//lib/libopencm3_stm32f4.a(spi_common_all.o)
                0x00000000080017d4                spi_enable
 .text.spi_send
                0x00000000080017de        0xa ../../../../../libopencm3//lib/libopencm3_stm32f4.a(spi_common_all.o)
                0x00000000080017de                spi_send
 .text.spi_read
                0x00000000080017e8        0xc ../../../../../libopencm3//lib/libopencm3_stm32f4.a(spi_common_all.o)
                0x00000000080017e8                spi_read
 .text.spi_xfer
                0x00000000080017f4        0xe ../../../../../libopencm3//lib/libopencm3_stm32f4.a(spi_common_all.o)
                0x00000000080017f4                spi_xfer
 .text.spi_set_unidirectional_mode
                0x0000000008001802        0xa ../../../../../libopencm3//lib/libopencm3_stm32f4.a(spi_common_all.o)
                0x0000000008001802                spi_set_unidirectional_mode
 .text.spi_set_full_duplex_mode
                0x000000000800180c        0xa ../../../../../libopencm3//lib/libopencm3_stm32f4.a(spi_common_all.o)
                0x000000000800180c                spi_set_full_duplex_mode
 .text.spi_enable_software_slave_management
                0x0000000008001816       0x12 ../../../../../libopencm3//lib/libopencm3_stm32f4.a(spi_common_all.o)
                0x0000000008001816                spi_enable_software_slave_management
 .text.spi_set_nss_high
                0x0000000008001828        0xa ../../../../../libopencm3//lib/libopencm3_stm32f4.a(spi_common_all.o)
                0x0000000008001828                spi_set_nss_high
 .text.spi_send_msb_first
                0x0000000008001832        0xa ../../../../../libopencm3//lib/libopencm3_stm32f4.a(spi_common_all.o)
                0x0000000008001832                spi_send_msb_first
 .text.spi_set_baudrate_prescaler
                0x000000000800183c       0x16 ../../../../../libopencm3//lib/libopencm3_stm32f4.a(spi_common_all.o)
                0x000000000800183c                spi_set_baudrate_prescaler
 .text.spi_set_master_mode
                0x0000000008001852        0xa ../../../../../libopencm3//lib/libopencm3_stm32f4.a(spi_common_all.o)
                0x0000000008001852                spi_set_master_mode
 .text.spi_set_clock_polarity_0
                0x000000000800185c        0xa ../../../../../libopencm3//lib/libopencm3_stm32f4.a(spi_common_all.o)
                0x000000000800185c                spi_set_clock_polarity_0
 .text.spi_set_clock_phase_0
                0x0000000008001866        0xa ../../../../../libopencm3//lib/libopencm3_stm32f4.a(spi_common_all.o)
                0x0000000008001866                spi_set_clock_phase_0
 .text.spi_enable_ss_output
                0x0000000008001870        0xa ../../../../../libopencm3//lib/libopencm3_stm32f4.a(spi_common_all.o)
                0x0000000008001870                spi_enable_ss_output
 .text.spi_init_master
                0x000000000800187a       0x28 ../../../../../libopencm3//lib/libopencm3_stm32f4.a(spi_common_v1.o)
                0x000000000800187a                spi_init_master
 *fill*         0x00000000080018a2        0x2 
 .text.usart_set_baudrate
                0x00000000080018a4       0x2c ../../../../../libopencm3//lib/libopencm3_stm32f4.a(usart_common_all.o)
                0x00000000080018a4                usart_set_baudrate
 .text.usart_set_databits
                0x00000000080018d0       0x12 ../../../../../libopencm3//lib/libopencm3_stm32f4.a(usart_common_all.o)
                0x00000000080018d0                usart_set_databits
 .text.usart_set_stopbits
                0x00000000080018e2        0xc ../../../../../libopencm3//lib/libopencm3_stm32f4.a(usart_common_all.o)
                0x00000000080018e2                usart_set_stopbits
 .text.usart_set_parity
                0x00000000080018ee        0xc ../../../../../libopencm3//lib/libopencm3_stm32f4.a(usart_common_all.o)
                0x00000000080018ee                usart_set_parity
 .text.usart_set_mode
                0x00000000080018fa        0xc ../../../../../libopencm3//lib/libopencm3_stm32f4.a(usart_common_all.o)
                0x00000000080018fa                usart_set_mode
 .text.usart_set_flow_control
                0x0000000008001906        0xc ../../../../../libopencm3//lib/libopencm3_stm32f4.a(usart_common_all.o)
                0x0000000008001906                usart_set_flow_control
 .text.usart_enable
                0x0000000008001912        0xa ../../../../../libopencm3//lib/libopencm3_stm32f4.a(usart_common_all.o)
                0x0000000008001912                usart_enable
 .text.usart_enable_rx_interrupt
                0x000000000800191c        0xa ../../../../../libopencm3//lib/libopencm3_stm32f4.a(usart_common_all.o)
                0x000000000800191c                usart_enable_rx_interrupt
 .text.blocking_handler
                0x0000000008001926        0x2 ../../../../../libopencm3//lib/libopencm3_stm32f4.a(vector.o)
                0x0000000008001926                dma2_stream1_isr
                0x0000000008001926                tim8_brk_tim12_isr
                0x0000000008001926                dma1_stream7_isr
                0x0000000008001926                usart3_isr
                0x0000000008001926                tim7_isr
                0x0000000008001926                dma2d_isr
                0x0000000008001926                uart8_isr
                0x0000000008001926                dma1_stream2_isr
                0x0000000008001926                otg_hs_isr
                0x0000000008001926                blocking_handler
                0x0000000008001926                tim5_isr
                0x0000000008001926                rtc_wkup_isr
                0x0000000008001926                otg_fs_isr
                0x0000000008001926                spi1_isr
                0x0000000008001926                i2c3_er_isr
                0x0000000008001926                exti2_isr
                0x0000000008001926                spi5_isr
                0x0000000008001926                usb_fs_wkup_isr
                0x0000000008001926                tamp_stamp_isr
                0x0000000008001926                can1_rx1_isr
                0x0000000008001926                dma2_stream0_isr
                0x0000000008001926                i2c3_ev_isr
                0x0000000008001926                usage_fault_handler
                0x0000000008001926                can2_rx0_isr
                0x0000000008001926                dma1_stream6_isr
                0x0000000008001926                can2_rx1_isr
                0x0000000008001926                can1_sce_isr
                0x0000000008001926                tim1_cc_isr
                0x0000000008001926                can1_tx_isr
                0x0000000008001926                tim1_up_tim10_isr
                0x0000000008001926                sdio_isr
                0x0000000008001926                eth_isr
                0x0000000008001926                spi6_isr
                0x0000000008001926                dma2_stream5_isr
                0x0000000008001926                pvd_isr
                0x0000000008001926                can1_rx0_isr
                0x0000000008001926                rcc_isr
                0x0000000008001926                dma2_stream3_isr
                0x0000000008001926                flash_isr
                0x0000000008001926                uart4_isr
                0x0000000008001926                lcd_tft_isr
                0x0000000008001926                rtc_alarm_isr
                0x0000000008001926                exti15_10_isr
                0x0000000008001926                hash_rng_isr
                0x0000000008001926                tim1_trg_com_tim11_isr
                0x0000000008001926                hard_fault_handler
                0x0000000008001926                exti1_isr
                0x0000000008001926                i2c1_ev_isr
                0x0000000008001926                usart6_isr
                0x0000000008001926                spi2_isr
                0x0000000008001926                cryp_isr
                0x0000000008001926                nvic_wwdg_isr
                0x0000000008001926                dma1_stream1_isr
                0x0000000008001926                dma2_stream4_isr
                0x0000000008001926                exti3_isr
                0x0000000008001926                tim3_isr
                0x0000000008001926                usart2_isr
                0x0000000008001926                sai1_isr
                0x0000000008001926                fpu_isr
                0x0000000008001926                dma1_stream4_isr
                0x0000000008001926                i2c2_er_isr
                0x0000000008001926                i2c2_ev_isr
                0x0000000008001926                uart5_isr
                0x0000000008001926                dma2_stream6_isr
                0x0000000008001926                spi4_isr
                0x0000000008001926                adc_isr
                0x0000000008001926                dma2_stream7_isr
                0x0000000008001926                tim8_up_tim13_isr
                0x0000000008001926                fsmc_isr
                0x0000000008001926                exti4_isr
                0x0000000008001926                tim6_dac_isr
                0x0000000008001926                dma1_stream3_isr
                0x0000000008001926                tim8_trg_com_tim14_isr
                0x0000000008001926                mem_manage_handler
                0x0000000008001926                lcd_tft_err_isr
                0x0000000008001926                can2_tx_isr
                0x0000000008001926                exti9_5_isr
                0x0000000008001926                tim1_brk_tim9_isr
                0x0000000008001926                uart7_isr
                0x0000000008001926                can2_sce_isr
                0x0000000008001926                tim4_isr
                0x0000000008001926                otg_hs_wkup_isr
                0x0000000008001926                i2c1_er_isr
                0x0000000008001926                dma1_stream0_isr
                0x0000000008001926                tim8_cc_isr
                0x0000000008001926                dcmi_isr
                0x0000000008001926                dma2_stream2_isr
                0x0000000008001926                eth_wkup_isr
                0x0000000008001926                bus_fault_handler
                0x0000000008001926                otg_hs_ep1_out_isr
                0x0000000008001926                spi3_isr
                0x0000000008001926                dma1_stream5_isr
                0x0000000008001926                otg_hs_ep1_in_isr
                0x0000000008001926                tim2_isr
                0x0000000008001926                exti0_isr
 .text.null_handler
                0x0000000008001928        0x2 ../../../../../libopencm3//lib/libopencm3_stm32f4.a(vector.o)
                0x0000000008001928                null_handler
                0x0000000008001928                sv_call_handler
                0x0000000008001928                pend_sv_handler
                0x0000000008001928                debug_monitor_handler
                0x0000000008001928                nmi_handler
 *fill*         0x000000000800192a        0x2 
 .text.reset_handler
                0x000000000800192c       0x98 ../../../../../libopencm3//lib/libopencm3_stm32f4.a(vector.o)
                0x000000000800192c                reset_handler
 .text.systick_set_reload
                0x00000000080019c4       0x10 ../../../../../libopencm3//lib/libopencm3_stm32f4.a(systick.o)
                0x00000000080019c4                systick_set_reload
 .text.systick_set_clocksource
                0x00000000080019d4       0x18 ../../../../../libopencm3//lib/libopencm3_stm32f4.a(systick.o)
                0x00000000080019d4                systick_set_clocksource
 .text.systick_interrupt_enable
                0x00000000080019ec       0x10 ../../../../../libopencm3//lib/libopencm3_stm32f4.a(systick.o)
                0x00000000080019ec                systick_interrupt_enable
 .text.systick_counter_enable
                0x00000000080019fc       0x10 ../../../../../libopencm3//lib/libopencm3_stm32f4.a(systick.o)
                0x00000000080019fc                systick_counter_enable
 .text.scb_reset_system
                0x0000000008001a0c       0x10 ../../../../../libopencm3//lib/libopencm3_stm32f4.a(scb.o)
                0x0000000008001a0c                scb_reset_system
 .text.nvic_enable_irq
                0x0000000008001a1c       0x1c ../../../../../libopencm3//lib/libopencm3_stm32f4.a(nvic.o)
                0x0000000008001a1c                nvic_enable_irq
 .text.flash_set_ws
                0x0000000008001a38       0x14 ../../../../../libopencm3//lib/libopencm3_stm32f4.a(flash_common_all.o)
                0x0000000008001a38                flash_set_ws
 .text.flash_dcache_enable
                0x0000000008001a4c       0x10 ../../../../../libopencm3//lib/libopencm3_stm32f4.a(flash_common_idcache.o)
                0x0000000008001a4c                flash_dcache_enable
 .text.flash_dcache_disable
                0x0000000008001a5c       0x10 ../../../../../libopencm3//lib/libopencm3_stm32f4.a(flash_common_idcache.o)
                0x0000000008001a5c                flash_dcache_disable
 .text.flash_icache_enable
                0x0000000008001a6c       0x10 ../../../../../libopencm3//lib/libopencm3_stm32f4.a(flash_common_idcache.o)
                0x0000000008001a6c                flash_icache_enable
 .text.flash_icache_disable
                0x0000000008001a7c       0x10 ../../../../../libopencm3//lib/libopencm3_stm32f4.a(flash_common_idcache.o)
                0x0000000008001a7c                flash_icache_disable
 .text.pwr_set_vos_scale
                0x0000000008001a8c       0x18 ../../../../../libopencm3//lib/libopencm3_stm32f4.a(pwr.o)
                0x0000000008001a8c                pwr_set_vos_scale
                0x0000000008001aa4                . = ALIGN (0x4)
 *(.rodata*)
 .rodata.sdram_pins
                0x0000000008001aa4       0x30 sdram.o
 .rodata.cmd_args
                0x0000000008001ad4       0x3a lcd-spi.o
 .rodata.initialization
                0x0000000008001b0e       0x50 lcd-spi.o
                0x0000000008001b0e                initialization
 .rodata.lcd_spi_init.str1.1
                0x0000000008001b5e       0x62 lcd-spi.o
 .rodata.print_hex.str1.1
                0x0000000008001bc0        0x3 lcd-spi.o
 .rodata.mcm_font
                0x0000000008001bc3      0x480 gfx.o
 .rodata.main.str1.1
                0x0000000008002043      0x10f spi-mems.o
                                        0x111 (size before relaxing)
 .rodata.CSWTCH.0
                0x0000000008002152        0x3 ../../../../../libopencm3//lib/libopencm3_stm32f4.a(fmc_common_f47.o)
 *fill*         0x0000000008002155        0x3 
 .rodata.rcc_hse_8mhz_3v3
                0x0000000008002158       0x70 ../../../../../libopencm3//lib/libopencm3_stm32f4.a(rcc.o)
                0x0000000008002158                rcc_hse_8mhz_3v3
                0x00000000080021c8                . = ALIGN (0x4)

.glue_7         0x00000000080021c8        0x0
 .glue_7        0x00000000080021c8        0x0 linker stubs

.glue_7t        0x00000000080021c8        0x0
 .glue_7t       0x00000000080021c8        0x0 linker stubs

.vfp11_veneer   0x00000000080021c8        0x0
 .vfp11_veneer  0x00000000080021c8        0x0 linker stubs

.v4_bx          0x00000000080021c8        0x0
 .v4_bx         0x00000000080021c8        0x0 linker stubs

.iplt           0x00000000080021c8        0x0
 .iplt          0x00000000080021c8        0x0 sdram.o

.rel.dyn        0x00000000080021c8        0x0
 .rel.iplt      0x00000000080021c8        0x0 sdram.o

.preinit_array  0x00000000080021c8        0x0
                0x00000000080021c8                . = ALIGN (0x4)
                0x00000000080021c8                __preinit_array_start = .
 *(.preinit_array)
                0x00000000080021c8                __preinit_array_end = .

.init_array     0x00000000080021c8        0x0
                0x00000000080021c8                . = ALIGN (0x4)
                0x00000000080021c8                __init_array_start = .
 *(SORT_BY_NAME(.init_array.*))
 *(.init_array)
                0x00000000080021c8                __init_array_end = .

.fini_array     0x00000000080021c8        0x0
                0x00000000080021c8                . = ALIGN (0x4)
                0x00000000080021c8                __fini_array_start = .
 *(.fini_array)
 *(SORT_BY_NAME(.fini_array.*))
                0x00000000080021c8                __fini_array_end = .

.ARM.extab
 *(.ARM.extab*)

.ARM.exidx      0x00000000080021c8        0x0
                0x00000000080021c8                __exidx_start = .
 *(.ARM.exidx*)
                0x00000000080021c8                __exidx_end = .
                0x00000000080021c8                . = ALIGN (0x4)
                0x00000000080021c8                _etext = .

.noinit
 *(.noinit*)
                0x00000000080021c8                . = ALIGN (0x4)

.data           0x0000000020000000       0x28 load address 0x00000000080021c8
                0x0000000020000000                _data = .
 *(.data*)
 .data.timing   0x0000000020000000       0x1c sdram.o
 .data.rcc_ahb_frequency
                0x000000002000001c        0x4 ../../../../../libopencm3//lib/libopencm3_stm32f4.a(rcc.o)
                0x000000002000001c                rcc_ahb_frequency
 .data.rcc_apb1_frequency
                0x0000000020000020        0x4 ../../../../../libopencm3//lib/libopencm3_stm32f4.a(rcc.o)
                0x0000000020000020                rcc_apb1_frequency
 .data.rcc_apb2_frequency
                0x0000000020000024        0x4 ../../../../../libopencm3//lib/libopencm3_stm32f4.a(rcc.o)
                0x0000000020000024                rcc_apb2_frequency
 *(.ramtext*)
                0x0000000020000028                . = ALIGN (0x4)
                0x0000000020000028                _edata = .
                0x00000000080021c8                _data_loadaddr = LOADADDR (.data)

.igot.plt       0x0000000020000028        0x0 load address 0x00000000080021f0
 .igot.plt      0x0000000020000028        0x0 sdram.o

.bss            0x0000000020000028       0xac load address 0x00000000080021f0
 *(.bss*)
 .bss.system_millis
                0x0000000020000028        0x4 clock.o
 .bss.recv_buf  0x000000002000002c       0x80 console.o
                0x000000002000002c                recv_buf
 .bss.recv_ndx_cur
                0x00000000200000ac        0x4 console.o
                0x00000000200000ac                recv_ndx_cur
 .bss.recv_ndx_nxt
                0x00000000200000b0        0x4 console.o
                0x00000000200000b0                recv_ndx_nxt
 .bss.cur_frame
                0x00000000200000b4        0x4 lcd-spi.o
                0x00000000200000b4                cur_frame
 .bss.display_frame
                0x00000000200000b8        0x4 lcd-spi.o
                0x00000000200000b8                display_frame
 .bss.__gfx_state
                0x00000000200000bc       0x14 gfx.o
                0x00000000200000bc                __gfx_state
 .bss.battery   0x00000000200000d0        0x2 spi-mems.o
                0x00000000200000d0                battery
 .bss.com_en    0x00000000200000d2        0x1 spi-mems.o
                0x00000000200000d2                com_en
 *(COMMON)
                0x00000000200000d4                . = ALIGN (0x4)
 *fill*         0x00000000200000d3        0x1 
                0x00000000200000d4                _ebss = .

/DISCARD/
 *(.eh_frame)
                0x00000000200000d4                . = ALIGN (0x4)
                0x00000000200000d4                end = .
                0x0000000020030000                PROVIDE (_stack = (ORIGIN (ram) + LENGTH (ram)))
OUTPUT(spi-mems.elf elf32-littlearm)
LOAD linker stubs

.debug_info     0x0000000000000000     0xc01f
 .debug_info    0x0000000000000000      0xa01 sdram.o
 .debug_info    0x0000000000000a01      0x357 clock.o
 .debug_info    0x0000000000000d58      0xad1 console.o
 .debug_info    0x0000000000001829      0xed9 lcd-spi.o
 .debug_info    0x0000000000002702     0x200f gfx.o
 .debug_info    0x0000000000004711     0x212a spi-mems.o
 .debug_info    0x000000000000683b      0x8c5 ../../../../../libopencm3//lib/libopencm3_stm32f4.a(adc_common_v1.o)
 .debug_info    0x0000000000007100      0x3c3 ../../../../../libopencm3//lib/libopencm3_stm32f4.a(adc_common_v1_multi.o)
 .debug_info    0x00000000000074c3      0x187 ../../../../../libopencm3//lib/libopencm3_stm32f4.a(adc_common_f47.o)
 .debug_info    0x000000000000764a      0x203 ../../../../../libopencm3//lib/libopencm3_stm32f4.a(fmc_common_f47.o)
 .debug_info    0x000000000000784d      0x24e ../../../../../libopencm3//lib/libopencm3_stm32f4.a(gpio_common_all.o)
 .debug_info    0x0000000000007a9b      0x20f ../../../../../libopencm3//lib/libopencm3_stm32f4.a(gpio_common_f0234.o)
 .debug_info    0x0000000000007caa      0xaee ../../../../../libopencm3//lib/libopencm3_stm32f4.a(rcc_common_all.o)
 .debug_info    0x0000000000008798     0x1125 ../../../../../libopencm3//lib/libopencm3_stm32f4.a(rcc.o)
 .debug_info    0x00000000000098bd      0x98a ../../../../../libopencm3//lib/libopencm3_stm32f4.a(spi_common_all.o)
 .debug_info    0x000000000000a247      0x2ea ../../../../../libopencm3//lib/libopencm3_stm32f4.a(spi_common_v1.o)
 .debug_info    0x000000000000a531      0x710 ../../../../../libopencm3//lib/libopencm3_stm32f4.a(usart_common_all.o)
 .debug_info    0x000000000000ac41      0x333 ../../../../../libopencm3//lib/libopencm3_stm32f4.a(vector.o)
 .debug_info    0x000000000000af74      0x268 ../../../../../libopencm3//lib/libopencm3_stm32f4.a(systick.o)
 .debug_info    0x000000000000b1dc      0x962 ../../../../../libopencm3//lib/libopencm3_stm32f4.a(scb.o)
 .debug_info    0x000000000000bb3e      0x22d ../../../../../libopencm3//lib/libopencm3_stm32f4.a(nvic.o)
 .debug_info    0x000000000000bd6b       0xf0 ../../../../../libopencm3//lib/libopencm3_stm32f4.a(flash_common_all.o)
 .debug_info    0x000000000000be5b       0xe8 ../../../../../libopencm3//lib/libopencm3_stm32f4.a(flash_common_idcache.o)
 .debug_info    0x000000000000bf43       0xdc ../../../../../libopencm3//lib/libopencm3_stm32f4.a(pwr.o)

.debug_abbrev   0x0000000000000000     0x28b4
 .debug_abbrev  0x0000000000000000      0x1a7 sdram.o
 .debug_abbrev  0x00000000000001a7      0x1a7 clock.o
 .debug_abbrev  0x000000000000034e      0x251 console.o
 .debug_abbrev  0x000000000000059f      0x3b4 lcd-spi.o
 .debug_abbrev  0x0000000000000953      0x43f gfx.o
 .debug_abbrev  0x0000000000000d92      0x3df spi-mems.o
 .debug_abbrev  0x0000000000001171      0x181 ../../../../../libopencm3//lib/libopencm3_stm32f4.a(adc_common_v1.o)
 .debug_abbrev  0x00000000000012f2      0x167 ../../../../../libopencm3//lib/libopencm3_stm32f4.a(adc_common_v1_multi.o)
 .debug_abbrev  0x0000000000001459       0xea ../../../../../libopencm3//lib/libopencm3_stm32f4.a(adc_common_f47.o)
 .debug_abbrev  0x0000000000001543      0x11d ../../../../../libopencm3//lib/libopencm3_stm32f4.a(fmc_common_f47.o)
 .debug_abbrev  0x0000000000001660      0x116 ../../../../../libopencm3//lib/libopencm3_stm32f4.a(gpio_common_all.o)
 .debug_abbrev  0x0000000000001776       0xbf ../../../../../libopencm3//lib/libopencm3_stm32f4.a(gpio_common_f0234.o)
 .debug_abbrev  0x0000000000001835      0x1da ../../../../../libopencm3//lib/libopencm3_stm32f4.a(rcc_common_all.o)
 .debug_abbrev  0x0000000000001a0f      0x2d1 ../../../../../libopencm3//lib/libopencm3_stm32f4.a(rcc.o)
 .debug_abbrev  0x0000000000001ce0      0x200 ../../../../../libopencm3//lib/libopencm3_stm32f4.a(spi_common_all.o)
 .debug_abbrev  0x0000000000001ee0      0x13e ../../../../../libopencm3//lib/libopencm3_stm32f4.a(spi_common_v1.o)
 .debug_abbrev  0x000000000000201e      0x182 ../../../../../libopencm3//lib/libopencm3_stm32f4.a(usart_common_all.o)
 .debug_abbrev  0x00000000000021a0      0x18c ../../../../../libopencm3//lib/libopencm3_stm32f4.a(vector.o)
 .debug_abbrev  0x000000000000232c      0x155 ../../../../../libopencm3//lib/libopencm3_stm32f4.a(systick.o)
 .debug_abbrev  0x0000000000002481      0x1f2 ../../../../../libopencm3//lib/libopencm3_stm32f4.a(scb.o)
 .debug_abbrev  0x0000000000002673       0xb5 ../../../../../libopencm3//lib/libopencm3_stm32f4.a(nvic.o)
 .debug_abbrev  0x0000000000002728       0x9a ../../../../../libopencm3//lib/libopencm3_stm32f4.a(flash_common_all.o)
 .debug_abbrev  0x00000000000027c2       0x56 ../../../../../libopencm3//lib/libopencm3_stm32f4.a(flash_common_idcache.o)
 .debug_abbrev  0x0000000000002818       0x9c ../../../../../libopencm3//lib/libopencm3_stm32f4.a(pwr.o)

.debug_loc      0x0000000000000000     0x41f6
 .debug_loc     0x0000000000000000       0xde sdram.o
 .debug_loc     0x00000000000000de       0x3a clock.o
 .debug_loc     0x0000000000000118      0x1f3 console.o
 .debug_loc     0x000000000000030b      0x49d lcd-spi.o
 .debug_loc     0x00000000000007a8     0x1667 gfx.o
 .debug_loc     0x0000000000001e0f      0x32e spi-mems.o
 .debug_loc     0x000000000000213d      0x45a ../../../../../libopencm3//lib/libopencm3_stm32f4.a(adc_common_v1.o)
 .debug_loc     0x0000000000002597      0x159 ../../../../../libopencm3//lib/libopencm3_stm32f4.a(adc_common_v1_multi.o)
 .debug_loc     0x00000000000026f0       0xea ../../../../../libopencm3//lib/libopencm3_stm32f4.a(adc_common_f47.o)
 .debug_loc     0x00000000000027da      0x556 ../../../../../libopencm3//lib/libopencm3_stm32f4.a(fmc_common_f47.o)
 .debug_loc     0x0000000000002d30       0xbe ../../../../../libopencm3//lib/libopencm3_stm32f4.a(gpio_common_all.o)
 .debug_loc     0x0000000000002dee      0x14d ../../../../../libopencm3//lib/libopencm3_stm32f4.a(gpio_common_f0234.o)
 .debug_loc     0x0000000000002f3b      0x16a ../../../../../libopencm3//lib/libopencm3_stm32f4.a(rcc_common_all.o)
 .debug_loc     0x00000000000030a5      0x87d ../../../../../libopencm3//lib/libopencm3_stm32f4.a(rcc.o)
 .debug_loc     0x0000000000003922      0x129 ../../../../../libopencm3//lib/libopencm3_stm32f4.a(spi_common_all.o)
 .debug_loc     0x0000000000003a4b      0x124 ../../../../../libopencm3//lib/libopencm3_stm32f4.a(spi_common_v1.o)
 .debug_loc     0x0000000000003b6f      0x1e1 ../../../../../libopencm3//lib/libopencm3_stm32f4.a(usart_common_all.o)
 .debug_loc     0x0000000000003d50      0x114 ../../../../../libopencm3//lib/libopencm3_stm32f4.a(vector.o)
 .debug_loc     0x0000000000003e64      0x192 ../../../../../libopencm3//lib/libopencm3_stm32f4.a(systick.o)
 .debug_loc     0x0000000000003ff6       0x25 ../../../../../libopencm3//lib/libopencm3_stm32f4.a(scb.o)
 .debug_loc     0x000000000000401b      0x14d ../../../../../libopencm3//lib/libopencm3_stm32f4.a(nvic.o)
 .debug_loc     0x0000000000004168       0x47 ../../../../../libopencm3//lib/libopencm3_stm32f4.a(flash_common_all.o)
 .debug_loc     0x00000000000041af       0x47 ../../../../../libopencm3//lib/libopencm3_stm32f4.a(pwr.o)

.debug_aranges  0x0000000000000000      0xac8
 .debug_aranges
                0x0000000000000000       0x20 sdram.o
 .debug_aranges
                0x0000000000000020       0x38 clock.o
 .debug_aranges
                0x0000000000000058       0x48 console.o
 .debug_aranges
                0x00000000000000a0       0x40 lcd-spi.o
 .debug_aranges
                0x00000000000000e0       0xf8 gfx.o
 .debug_aranges
                0x00000000000001d8       0x38 spi-mems.o
 .debug_aranges
                0x0000000000000210      0x158 ../../../../../libopencm3//lib/libopencm3_stm32f4.a(adc_common_v1.o)
 .debug_aranges
                0x0000000000000368       0xa8 ../../../../../libopencm3//lib/libopencm3_stm32f4.a(adc_common_v1_multi.o)
 .debug_aranges
                0x0000000000000410       0x40 ../../../../../libopencm3//lib/libopencm3_stm32f4.a(adc_common_f47.o)
 .debug_aranges
                0x0000000000000450       0x28 ../../../../../libopencm3//lib/libopencm3_stm32f4.a(fmc_common_f47.o)
 .debug_aranges
                0x0000000000000478       0x50 ../../../../../libopencm3//lib/libopencm3_stm32f4.a(gpio_common_all.o)
 .debug_aranges
                0x00000000000004c8       0x30 ../../../../../libopencm3//lib/libopencm3_stm32f4.a(gpio_common_f0234.o)
 .debug_aranges
                0x00000000000004f8       0x70 ../../../../../libopencm3//lib/libopencm3_stm32f4.a(rcc_common_all.o)
 .debug_aranges
                0x0000000000000568      0x110 ../../../../../libopencm3//lib/libopencm3_stm32f4.a(rcc.o)
 .debug_aranges
                0x0000000000000678      0x170 ../../../../../libopencm3//lib/libopencm3_stm32f4.a(spi_common_all.o)
 .debug_aranges
                0x00000000000007e8       0x30 ../../../../../libopencm3//lib/libopencm3_stm32f4.a(spi_common_v1.o)
 .debug_aranges
                0x0000000000000818       0xd8 ../../../../../libopencm3//lib/libopencm3_stm32f4.a(usart_common_all.o)
 .debug_aranges
                0x00000000000008f0       0x30 ../../../../../libopencm3//lib/libopencm3_stm32f4.a(vector.o)
 .debug_aranges
                0x0000000000000920       0x78 ../../../../../libopencm3//lib/libopencm3_stm32f4.a(systick.o)
 .debug_aranges
                0x0000000000000998       0x30 ../../../../../libopencm3//lib/libopencm3_stm32f4.a(scb.o)
 .debug_aranges
                0x00000000000009c8       0x60 ../../../../../libopencm3//lib/libopencm3_stm32f4.a(nvic.o)
 .debug_aranges
                0x0000000000000a28       0x38 ../../../../../libopencm3//lib/libopencm3_stm32f4.a(flash_common_all.o)
 .debug_aranges
                0x0000000000000a60       0x48 ../../../../../libopencm3//lib/libopencm3_stm32f4.a(flash_common_idcache.o)
 .debug_aranges
                0x0000000000000aa8       0x20 ../../../../../libopencm3//lib/libopencm3_stm32f4.a(pwr.o)

.debug_ranges   0x0000000000000000      0xaf8
 .debug_ranges  0x0000000000000000       0x10 sdram.o
 .debug_ranges  0x0000000000000010       0x28 clock.o
 .debug_ranges  0x0000000000000038       0x38 console.o
 .debug_ranges  0x0000000000000070       0xb0 lcd-spi.o
 .debug_ranges  0x0000000000000120      0x130 gfx.o
 .debug_ranges  0x0000000000000250       0x68 spi-mems.o
 .debug_ranges  0x00000000000002b8      0x148 ../../../../../libopencm3//lib/libopencm3_stm32f4.a(adc_common_v1.o)
 .debug_ranges  0x0000000000000400       0x98 ../../../../../libopencm3//lib/libopencm3_stm32f4.a(adc_common_v1_multi.o)
 .debug_ranges  0x0000000000000498       0x30 ../../../../../libopencm3//lib/libopencm3_stm32f4.a(adc_common_f47.o)
 .debug_ranges  0x00000000000004c8       0x18 ../../../../../libopencm3//lib/libopencm3_stm32f4.a(fmc_common_f47.o)
 .debug_ranges  0x00000000000004e0       0x40 ../../../../../libopencm3//lib/libopencm3_stm32f4.a(gpio_common_all.o)
 .debug_ranges  0x0000000000000520       0x20 ../../../../../libopencm3//lib/libopencm3_stm32f4.a(gpio_common_f0234.o)
 .debug_ranges  0x0000000000000540       0x60 ../../../../../libopencm3//lib/libopencm3_stm32f4.a(rcc_common_all.o)
 .debug_ranges  0x00000000000005a0      0x178 ../../../../../libopencm3//lib/libopencm3_stm32f4.a(rcc.o)
 .debug_ranges  0x0000000000000718      0x160 ../../../../../libopencm3//lib/libopencm3_stm32f4.a(spi_common_all.o)
 .debug_ranges  0x0000000000000878       0x20 ../../../../../libopencm3//lib/libopencm3_stm32f4.a(spi_common_v1.o)
 .debug_ranges  0x0000000000000898       0xc8 ../../../../../libopencm3//lib/libopencm3_stm32f4.a(usart_common_all.o)
 .debug_ranges  0x0000000000000960       0x38 ../../../../../libopencm3//lib/libopencm3_stm32f4.a(vector.o)
 .debug_ranges  0x0000000000000998       0x80 ../../../../../libopencm3//lib/libopencm3_stm32f4.a(systick.o)
 .debug_ranges  0x0000000000000a18       0x20 ../../../../../libopencm3//lib/libopencm3_stm32f4.a(scb.o)
 .debug_ranges  0x0000000000000a38       0x50 ../../../../../libopencm3//lib/libopencm3_stm32f4.a(nvic.o)
 .debug_ranges  0x0000000000000a88       0x28 ../../../../../libopencm3//lib/libopencm3_stm32f4.a(flash_common_all.o)
 .debug_ranges  0x0000000000000ab0       0x38 ../../../../../libopencm3//lib/libopencm3_stm32f4.a(flash_common_idcache.o)
 .debug_ranges  0x0000000000000ae8       0x10 ../../../../../libopencm3//lib/libopencm3_stm32f4.a(pwr.o)

.debug_macro    0x0000000000000000     0x72ce
 .debug_macro   0x0000000000000000       0xf7 sdram.o
 .debug_macro   0x00000000000000f7      0xa96 sdram.o
 .debug_macro   0x0000000000000b8d      0x34e sdram.o
 .debug_macro   0x0000000000000edb       0x1c sdram.o
 .debug_macro   0x0000000000000ef7       0x22 sdram.o
 .debug_macro   0x0000000000000f19       0xe8 sdram.o
 .debug_macro   0x0000000000001001       0x76 sdram.o
 .debug_macro   0x0000000000001077      0x280 sdram.o
 .debug_macro   0x00000000000012f7       0x76 sdram.o
 .debug_macro   0x000000000000136d      0x37e sdram.o
 .debug_macro   0x00000000000016eb       0xca sdram.o
 .debug_macro   0x00000000000017b5       0x8e sdram.o
 .debug_macro   0x0000000000001843       0x46 sdram.o
 .debug_macro   0x0000000000001889      0xcea sdram.o
 .debug_macro   0x0000000000002573      0x285 sdram.o
 .debug_macro   0x00000000000027f8      0x2b3 sdram.o
 .debug_macro   0x0000000000002aab       0x16 sdram.o
 .debug_macro   0x0000000000002ac1       0xc1 clock.o
 .debug_macro   0x0000000000002b82       0x6e clock.o
 .debug_macro   0x0000000000002bf0      0x22c clock.o
 .debug_macro   0x0000000000002e1c       0x6f clock.o
 .debug_macro   0x0000000000002e8b      0x1b6 console.o
 .debug_macro   0x0000000000003041       0x22 console.o
 .debug_macro   0x0000000000003063       0x52 console.o
 .debug_macro   0x00000000000030b5       0x18 console.o
 .debug_macro   0x00000000000030cd       0x5c console.o
 .debug_macro   0x0000000000003129       0x35 console.o
 .debug_macro   0x000000000000315e       0x34 console.o
 .debug_macro   0x0000000000003192       0x94 console.o
 .debug_macro   0x0000000000003226      0x29e console.o
 .debug_macro   0x00000000000034c4       0xa0 console.o
 .debug_macro   0x0000000000003564       0x70 console.o
 .debug_macro   0x00000000000035d4      0x458 console.o
 .debug_macro   0x0000000000003a2c       0x1f console.o
 .debug_macro   0x0000000000003a4b       0x16 console.o
 .debug_macro   0x0000000000003a61      0x131 lcd-spi.o
 .debug_macro   0x0000000000003b92      0x2eb lcd-spi.o
 .debug_macro   0x0000000000003e7d       0x16 lcd-spi.o
 .debug_macro   0x0000000000003e93       0x22 lcd-spi.o
 .debug_macro   0x0000000000003eb5       0x76 lcd-spi.o
 .debug_macro   0x0000000000003f2b      0x125 gfx.o
 .debug_macro   0x0000000000004050      0x16d gfx.o
 .debug_macro   0x00000000000041bd       0x16 gfx.o
 .debug_macro   0x00000000000041d3       0x43 gfx.o
 .debug_macro   0x0000000000004216       0x57 gfx.o
 .debug_macro   0x000000000000426d       0x34 gfx.o
 .debug_macro   0x00000000000042a1       0x10 gfx.o
 .debug_macro   0x00000000000042b1       0x52 gfx.o
 .debug_macro   0x0000000000004303      0x182 gfx.o
 .debug_macro   0x0000000000004485      0x35c gfx.o
 .debug_macro   0x00000000000047e1       0xde gfx.o
 .debug_macro   0x00000000000048bf       0x16 gfx.o
 .debug_macro   0x00000000000048d5       0x35 gfx.o
 .debug_macro   0x000000000000490a       0x22 gfx.o
 .debug_macro   0x000000000000492c       0x58 gfx.o
 .debug_macro   0x0000000000004984       0x16 gfx.o
 .debug_macro   0x000000000000499a      0x2e2 spi-mems.o
 .debug_macro   0x0000000000004c7c      0x449 spi-mems.o
 .debug_macro   0x00000000000050c5      0x2d5 spi-mems.o
 .debug_macro   0x000000000000539a      0x1be spi-mems.o
 .debug_macro   0x0000000000005558       0x10 spi-mems.o
 .debug_macro   0x0000000000005568       0x7e ../../../../../libopencm3//lib/libopencm3_stm32f4.a(adc_common_v1.o)
 .debug_macro   0x00000000000055e6      0xa90 ../../../../../libopencm3//lib/libopencm3_stm32f4.a(adc_common_v1.o)
 .debug_macro   0x0000000000006076       0x7e ../../../../../libopencm3//lib/libopencm3_stm32f4.a(adc_common_v1_multi.o)
 .debug_macro   0x00000000000060f4       0x7e ../../../../../libopencm3//lib/libopencm3_stm32f4.a(adc_common_f47.o)
 .debug_macro   0x0000000000006172       0x75 ../../../../../libopencm3//lib/libopencm3_stm32f4.a(fmc_common_f47.o)
 .debug_macro   0x00000000000061e7       0x88 ../../../../../libopencm3//lib/libopencm3_stm32f4.a(gpio_common_all.o)
 .debug_macro   0x000000000000626f       0x88 ../../../../../libopencm3//lib/libopencm3_stm32f4.a(gpio_common_f0234.o)
 .debug_macro   0x00000000000062f7       0xa7 ../../../../../libopencm3//lib/libopencm3_stm32f4.a(rcc_common_all.o)
 .debug_macro   0x000000000000639e       0xdb ../../../../../libopencm3//lib/libopencm3_stm32f4.a(rcc.o)
 .debug_macro   0x0000000000006479       0x16 ../../../../../libopencm3//lib/libopencm3_stm32f4.a(rcc.o)
 .debug_macro   0x000000000000648f       0x1c ../../../../../libopencm3//lib/libopencm3_stm32f4.a(rcc.o)
 .debug_macro   0x00000000000064ab      0x143 ../../../../../libopencm3//lib/libopencm3_stm32f4.a(rcc.o)
 .debug_macro   0x00000000000065ee       0x10 ../../../../../libopencm3//lib/libopencm3_stm32f4.a(rcc.o)
 .debug_macro   0x00000000000065fe       0xb6 ../../../../../libopencm3//lib/libopencm3_stm32f4.a(spi_common_all.o)
 .debug_macro   0x00000000000066b4       0xb6 ../../../../../libopencm3//lib/libopencm3_stm32f4.a(spi_common_v1.o)
 .debug_macro   0x000000000000676a       0xc2 ../../../../../libopencm3//lib/libopencm3_stm32f4.a(usart_common_all.o)
 .debug_macro   0x000000000000682c       0x8a ../../../../../libopencm3//lib/libopencm3_stm32f4.a(vector.o)
 .debug_macro   0x00000000000068b6      0x452 ../../../../../libopencm3//lib/libopencm3_stm32f4.a(vector.o)
 .debug_macro   0x0000000000006d08       0x49 ../../../../../libopencm3//lib/libopencm3_stm32f4.a(systick.o)
 .debug_macro   0x0000000000006d51       0x69 ../../../../../libopencm3//lib/libopencm3_stm32f4.a(systick.o)
 .debug_macro   0x0000000000006dba      0x123 ../../../../../libopencm3//lib/libopencm3_stm32f4.a(scb.o)
 .debug_macro   0x0000000000006edd      0x10e ../../../../../libopencm3//lib/libopencm3_stm32f4.a(scb.o)
 .debug_macro   0x0000000000006feb       0x86 ../../../../../libopencm3//lib/libopencm3_stm32f4.a(scb.o)
 .debug_macro   0x0000000000007071       0x6a ../../../../../libopencm3//lib/libopencm3_stm32f4.a(nvic.o)
 .debug_macro   0x00000000000070db       0x68 ../../../../../libopencm3//lib/libopencm3_stm32f4.a(nvic.o)
 .debug_macro   0x0000000000007143       0x8e ../../../../../libopencm3//lib/libopencm3_stm32f4.a(flash_common_all.o)
 .debug_macro   0x00000000000071d1       0x8e ../../../../../libopencm3//lib/libopencm3_stm32f4.a(flash_common_idcache.o)
 .debug_macro   0x000000000000725f       0x6f ../../../../../libopencm3//lib/libopencm3_stm32f4.a(pwr.o)

.debug_line     0x0000000000000000     0x69d7
 .debug_line    0x0000000000000000      0x30b sdram.o
 .debug_line    0x000000000000030b      0x2c8 clock.o
 .debug_line    0x00000000000005d3      0x614 console.o
 .debug_line    0x0000000000000be7      0x5a6 lcd-spi.o
 .debug_line    0x000000000000118d      0xccc gfx.o
 .debug_line    0x0000000000001e59      0x894 spi-mems.o
 .debug_line    0x00000000000026ed      0x78f ../../../../../libopencm3//lib/libopencm3_stm32f4.a(adc_common_v1.o)
 .debug_line    0x0000000000002e7c      0x3dd ../../../../../libopencm3//lib/libopencm3_stm32f4.a(adc_common_v1_multi.o)
 .debug_line    0x0000000000003259      0x2d3 ../../../../../libopencm3//lib/libopencm3_stm32f4.a(adc_common_f47.o)
 .debug_line    0x000000000000352c      0x26e ../../../../../libopencm3//lib/libopencm3_stm32f4.a(fmc_common_f47.o)
 .debug_line    0x000000000000379a      0x2a5 ../../../../../libopencm3//lib/libopencm3_stm32f4.a(gpio_common_all.o)
 .debug_line    0x0000000000003a3f      0x330 ../../../../../libopencm3//lib/libopencm3_stm32f4.a(gpio_common_f0234.o)
 .debug_line    0x0000000000003d6f      0x35e ../../../../../libopencm3//lib/libopencm3_stm32f4.a(rcc_common_all.o)
 .debug_line    0x00000000000040cd      0x9b1 ../../../../../libopencm3//lib/libopencm3_stm32f4.a(rcc.o)
 .debug_line    0x0000000000004a7e      0x7b3 ../../../../../libopencm3//lib/libopencm3_stm32f4.a(spi_common_all.o)
 .debug_line    0x0000000000005231      0x26c ../../../../../libopencm3//lib/libopencm3_stm32f4.a(spi_common_v1.o)
 .debug_line    0x000000000000549d      0x52b ../../../../../libopencm3//lib/libopencm3_stm32f4.a(usart_common_all.o)
 .debug_line    0x00000000000059c8      0x2c3 ../../../../../libopencm3//lib/libopencm3_stm32f4.a(vector.o)
 .debug_line    0x0000000000005c8b      0x26e ../../../../../libopencm3//lib/libopencm3_stm32f4.a(systick.o)
 .debug_line    0x0000000000005ef9      0x232 ../../../../../libopencm3//lib/libopencm3_stm32f4.a(scb.o)
 .debug_line    0x000000000000612b      0x27e ../../../../../libopencm3//lib/libopencm3_stm32f4.a(nvic.o)
 .debug_line    0x00000000000063a9      0x245 ../../../../../libopencm3//lib/libopencm3_stm32f4.a(flash_common_all.o)
 .debug_line    0x00000000000065ee      0x25e ../../../../../libopencm3//lib/libopencm3_stm32f4.a(flash_common_idcache.o)
 .debug_line    0x000000000000684c      0x18b ../../../../../libopencm3//lib/libopencm3_stm32f4.a(pwr.o)

.debug_str      0x0000000000000000    0x19ca2
 .debug_str     0x0000000000000000     0xc020 sdram.o
                                       0xc1fd (size before relaxing)
 .debug_str     0x000000000000c020      0xcca clock.o
                                       0x9a65 (size before relaxing)
 .debug_str     0x000000000000ccea     0x2fcf console.o
                                       0xe114 (size before relaxing)
 .debug_str     0x000000000000fcb9     0x1091 lcd-spi.o
                                       0xc282 (size before relaxing)
 .debug_str     0x0000000000010d4a     0x34dd gfx.o
                                       0x7313 (size before relaxing)
 .debug_str     0x0000000000014227     0x2c36 spi-mems.o
                                      0x12e02 (size before relaxing)
 .debug_str     0x0000000000016e5d      0x59f ../../../../../libopencm3//lib/libopencm3_stm32f4.a(adc_common_v1.o)
                                       0x7b32 (size before relaxing)
 .debug_str     0x00000000000173fc      0x1c5 ../../../../../libopencm3//lib/libopencm3_stm32f4.a(adc_common_v1_multi.o)
                                       0x7831 (size before relaxing)
 .debug_str     0x00000000000175c1       0x71 ../../../../../libopencm3//lib/libopencm3_stm32f4.a(adc_common_f47.o)
                                       0x76ce (size before relaxing)
 .debug_str     0x0000000000017632       0x37 ../../../../../libopencm3//lib/libopencm3_stm32f4.a(fmc_common_f47.o)
                                       0x689f (size before relaxing)
 .debug_str     0x0000000000017669       0x69 ../../../../../libopencm3//lib/libopencm3_stm32f4.a(gpio_common_all.o)
                                       0x6288 (size before relaxing)
 .debug_str     0x00000000000176d2       0x61 ../../../../../libopencm3//lib/libopencm3_stm32f4.a(gpio_common_f0234.o)
                                       0x62a0 (size before relaxing)
 .debug_str     0x0000000000017733      0x475 ../../../../../libopencm3//lib/libopencm3_stm32f4.a(rcc_common_all.o)
                                       0x9787 (size before relaxing)
 .debug_str     0x0000000000017ba8      0xad3 ../../../../../libopencm3//lib/libopencm3_stm32f4.a(rcc.o)
                                       0x9eb2 (size before relaxing)
 .debug_str     0x000000000001867b      0x2f3 ../../../../../libopencm3//lib/libopencm3_stm32f4.a(spi_common_all.o)
                                       0x9f45 (size before relaxing)
 .debug_str     0x000000000001896e       0x50 ../../../../../libopencm3//lib/libopencm3_stm32f4.a(spi_common_v1.o)
                                       0x9b88 (size before relaxing)
 .debug_str     0x00000000000189be      0x1fe ../../../../../libopencm3//lib/libopencm3_stm32f4.a(usart_common_all.o)
                                       0xa20d (size before relaxing)
 .debug_str     0x0000000000018bbc      0xe72 ../../../../../libopencm3//lib/libopencm3_stm32f4.a(vector.o)
                                       0x6b48 (size before relaxing)
 .debug_str     0x0000000000019a2e       0xbd ../../../../../libopencm3//lib/libopencm3_stm32f4.a(systick.o)
                                       0x41a1 (size before relaxing)
 .debug_str     0x0000000000019aeb       0x42 ../../../../../libopencm3//lib/libopencm3_stm32f4.a(scb.o)
                                       0x8491 (size before relaxing)
 .debug_str     0x0000000000019b2d       0xc4 ../../../../../libopencm3//lib/libopencm3_stm32f4.a(nvic.o)
                                       0x5db3 (size before relaxing)
 .debug_str     0x0000000000019bf1       0x64 ../../../../../libopencm3//lib/libopencm3_stm32f4.a(flash_common_all.o)
                                       0x55ea (size before relaxing)
 .debug_str     0x0000000000019c55       0x47 ../../../../../libopencm3//lib/libopencm3_stm32f4.a(flash_common_idcache.o)
                                       0x560c (size before relaxing)
 .debug_str     0x0000000000019c9c        0x6 ../../../../../libopencm3//lib/libopencm3_stm32f4.a(pwr.o)
                                       0x5266 (size before relaxing)

.comment        0x0000000000000000       0x51
 .comment       0x0000000000000000       0x51 sdram.o
                                         0x52 (size before relaxing)
 .comment       0x0000000000000051       0x52 clock.o
 .comment       0x0000000000000051       0x52 console.o
 .comment       0x0000000000000051       0x52 lcd-spi.o
 .comment       0x0000000000000051       0x52 gfx.o
 .comment       0x0000000000000051       0x52 spi-mems.o
 .comment       0x0000000000000051       0x52 ../../../../../libopencm3//lib/libopencm3_stm32f4.a(adc_common_v1.o)
 .comment       0x0000000000000051       0x52 ../../../../../libopencm3//lib/libopencm3_stm32f4.a(adc_common_v1_multi.o)
 .comment       0x0000000000000051       0x52 ../../../../../libopencm3//lib/libopencm3_stm32f4.a(adc_common_f47.o)
 .comment       0x0000000000000051       0x52 ../../../../../libopencm3//lib/libopencm3_stm32f4.a(fmc_common_f47.o)
 .comment       0x0000000000000051       0x52 ../../../../../libopencm3//lib/libopencm3_stm32f4.a(gpio_common_all.o)
 .comment       0x0000000000000051       0x52 ../../../../../libopencm3//lib/libopencm3_stm32f4.a(gpio_common_f0234.o)
 .comment       0x0000000000000051       0x52 ../../../../../libopencm3//lib/libopencm3_stm32f4.a(rcc_common_all.o)
 .comment       0x0000000000000051       0x52 ../../../../../libopencm3//lib/libopencm3_stm32f4.a(rcc.o)
 .comment       0x0000000000000051       0x52 ../../../../../libopencm3//lib/libopencm3_stm32f4.a(spi_common_all.o)
 .comment       0x0000000000000051       0x52 ../../../../../libopencm3//lib/libopencm3_stm32f4.a(spi_common_v1.o)
 .comment       0x0000000000000051       0x52 ../../../../../libopencm3//lib/libopencm3_stm32f4.a(usart_common_all.o)
 .comment       0x0000000000000051       0x52 ../../../../../libopencm3//lib/libopencm3_stm32f4.a(vector.o)
 .comment       0x0000000000000051       0x52 ../../../../../libopencm3//lib/libopencm3_stm32f4.a(systick.o)
 .comment       0x0000000000000051       0x52 ../../../../../libopencm3//lib/libopencm3_stm32f4.a(scb.o)
 .comment       0x0000000000000051       0x52 ../../../../../libopencm3//lib/libopencm3_stm32f4.a(nvic.o)
 .comment       0x0000000000000051       0x52 ../../../../../libopencm3//lib/libopencm3_stm32f4.a(flash_common_all.o)
 .comment       0x0000000000000051       0x52 ../../../../../libopencm3//lib/libopencm3_stm32f4.a(flash_common_idcache.o)
 .comment       0x0000000000000051       0x52 ../../../../../libopencm3//lib/libopencm3_stm32f4.a(pwr.o)

.ARM.attributes
                0x0000000000000000       0x34
 .ARM.attributes
                0x0000000000000000       0x34 sdram.o
 .ARM.attributes
                0x0000000000000034       0x34 clock.o
 .ARM.attributes
                0x0000000000000068       0x34 console.o
 .ARM.attributes
                0x000000000000009c       0x34 lcd-spi.o
 .ARM.attributes
                0x00000000000000d0       0x34 gfx.o
 .ARM.attributes
                0x0000000000000104       0x34 spi-mems.o
 .ARM.attributes
                0x0000000000000138       0x34 ../../../../../libopencm3//lib/libopencm3_stm32f4.a(adc_common_v1.o)
 .ARM.attributes
                0x000000000000016c       0x34 ../../../../../libopencm3//lib/libopencm3_stm32f4.a(adc_common_v1_multi.o)
 .ARM.attributes
                0x00000000000001a0       0x34 ../../../../../libopencm3//lib/libopencm3_stm32f4.a(adc_common_f47.o)
 .ARM.attributes
                0x00000000000001d4       0x34 ../../../../../libopencm3//lib/libopencm3_stm32f4.a(fmc_common_f47.o)
 .ARM.attributes
                0x0000000000000208       0x34 ../../../../../libopencm3//lib/libopencm3_stm32f4.a(gpio_common_all.o)
 .ARM.attributes
                0x000000000000023c       0x34 ../../../../../libopencm3//lib/libopencm3_stm32f4.a(gpio_common_f0234.o)
 .ARM.attributes
                0x0000000000000270       0x34 ../../../../../libopencm3//lib/libopencm3_stm32f4.a(rcc_common_all.o)
 .ARM.attributes
                0x00000000000002a4       0x34 ../../../../../libopencm3//lib/libopencm3_stm32f4.a(rcc.o)
 .ARM.attributes
                0x00000000000002d8       0x34 ../../../../../libopencm3//lib/libopencm3_stm32f4.a(spi_common_all.o)
 .ARM.attributes
                0x000000000000030c       0x34 ../../../../../libopencm3//lib/libopencm3_stm32f4.a(spi_common_v1.o)
 .ARM.attributes
                0x0000000000000340       0x34 ../../../../../libopencm3//lib/libopencm3_stm32f4.a(usart_common_all.o)
 .ARM.attributes
                0x0000000000000374       0x34 ../../../../../libopencm3//lib/libopencm3_stm32f4.a(vector.o)
 .ARM.attributes
                0x00000000000003a8       0x34 ../../../../../libopencm3//lib/libopencm3_stm32f4.a(systick.o)
 .ARM.attributes
                0x00000000000003dc       0x34 ../../../../../libopencm3//lib/libopencm3_stm32f4.a(scb.o)
 .ARM.attributes
                0x0000000000000410       0x34 ../../../../../libopencm3//lib/libopencm3_stm32f4.a(nvic.o)
 .ARM.attributes
                0x0000000000000444       0x34 ../../../../../libopencm3//lib/libopencm3_stm32f4.a(flash_common_all.o)
 .ARM.attributes
                0x0000000000000478       0x34 ../../../../../libopencm3//lib/libopencm3_stm32f4.a(flash_common_idcache.o)
 .ARM.attributes
                0x00000000000004ac       0x34 ../../../../../libopencm3//lib/libopencm3_stm32f4.a(pwr.o)

.debug_frame    0x0000000000000000     0x1680
 .debug_frame   0x0000000000000000       0x30 sdram.o
 .debug_frame   0x0000000000000030       0x5c clock.o
 .debug_frame   0x000000000000008c       0xb0 console.o
 .debug_frame   0x000000000000013c       0xc4 lcd-spi.o
 .debug_frame   0x0000000000000200      0x3a8 gfx.o
 .debug_frame   0x00000000000005a8       0xa0 spi-mems.o
 .debug_frame   0x0000000000000648      0x2b4 ../../../../../libopencm3//lib/libopencm3_stm32f4.a(adc_common_v1.o)
 .debug_frame   0x00000000000008fc      0x130 ../../../../../libopencm3//lib/libopencm3_stm32f4.a(adc_common_v1_multi.o)
 .debug_frame   0x0000000000000a2c       0x70 ../../../../../libopencm3//lib/libopencm3_stm32f4.a(adc_common_f47.o)
 .debug_frame   0x0000000000000a9c       0x38 ../../../../../libopencm3//lib/libopencm3_stm32f4.a(fmc_common_f47.o)
 .debug_frame   0x0000000000000ad4       0x80 ../../../../../libopencm3//lib/libopencm3_stm32f4.a(gpio_common_all.o)
 .debug_frame   0x0000000000000b54       0x70 ../../../../../libopencm3//lib/libopencm3_stm32f4.a(gpio_common_f0234.o)
 .debug_frame   0x0000000000000bc4       0xe0 ../../../../../libopencm3//lib/libopencm3_stm32f4.a(rcc_common_all.o)
 .debug_frame   0x0000000000000ca4      0x234 ../../../../../libopencm3//lib/libopencm3_stm32f4.a(rcc.o)
 .debug_frame   0x0000000000000ed8      0x2c0 ../../../../../libopencm3//lib/libopencm3_stm32f4.a(spi_common_all.o)
 .debug_frame   0x0000000000001198       0x4c ../../../../../libopencm3//lib/libopencm3_stm32f4.a(spi_common_v1.o)
 .debug_frame   0x00000000000011e4      0x1b8 ../../../../../libopencm3//lib/libopencm3_stm32f4.a(usart_common_all.o)
 .debug_frame   0x000000000000139c       0x4c ../../../../../libopencm3//lib/libopencm3_stm32f4.a(vector.o)
 .debug_frame   0x00000000000013e8       0xd8 ../../../../../libopencm3//lib/libopencm3_stm32f4.a(systick.o)
 .debug_frame   0x00000000000014c0       0x40 ../../../../../libopencm3//lib/libopencm3_stm32f4.a(scb.o)
 .debug_frame   0x0000000000001500       0xa0 ../../../../../libopencm3//lib/libopencm3_stm32f4.a(nvic.o)
 .debug_frame   0x00000000000015a0       0x50 ../../../../../libopencm3//lib/libopencm3_stm32f4.a(flash_common_all.o)
 .debug_frame   0x00000000000015f0       0x70 ../../../../../libopencm3//lib/libopencm3_stm32f4.a(flash_common_idcache.o)
 .debug_frame   0x0000000000001660       0x20 ../../../../../libopencm3//lib/libopencm3_stm32f4.a(pwr.o)

Cross Reference Table

Symbol                                            File
__fini_array_end                                  ../../../../../libopencm3//lib/libopencm3_stm32f4.a(vector.o)
__fini_array_start                                ../../../../../libopencm3//lib/libopencm3_stm32f4.a(vector.o)
__gfx_state                                       gfx.o
__init_array_end                                  ../../../../../libopencm3//lib/libopencm3_stm32f4.a(vector.o)
__init_array_start                                ../../../../../libopencm3//lib/libopencm3_stm32f4.a(vector.o)
__preinit_array_end                               ../../../../../libopencm3//lib/libopencm3_stm32f4.a(vector.o)
__preinit_array_start                             ../../../../../libopencm3//lib/libopencm3_stm32f4.a(vector.o)
_data                                             ../../../../../libopencm3//lib/libopencm3_stm32f4.a(vector.o)
_data_loadaddr                                    ../../../../../libopencm3//lib/libopencm3_stm32f4.a(vector.o)
_ebss                                             ../../../../../libopencm3//lib/libopencm3_stm32f4.a(vector.o)
_edata                                            ../../../../../libopencm3//lib/libopencm3_stm32f4.a(vector.o)
_stack                                            ../../../../../libopencm3//lib/libopencm3_stm32f4.a(vector.o)
adc_awd                                           ../../../../../libopencm3//lib/libopencm3_stm32f4.a(adc_common_v1_multi.o)
adc_clear_flag                                    ../../../../../libopencm3//lib/libopencm3_stm32f4.a(adc_common_v1.o)
adc_clear_overrun_flag                            ../../../../../libopencm3//lib/libopencm3_stm32f4.a(adc_common_v1_multi.o)
adc_disable_analog_watchdog_injected              ../../../../../libopencm3//lib/libopencm3_stm32f4.a(adc_common_v1.o)
adc_disable_analog_watchdog_regular               ../../../../../libopencm3//lib/libopencm3_stm32f4.a(adc_common_v1.o)
adc_disable_automatic_injected_group_conversion   ../../../../../libopencm3//lib/libopencm3_stm32f4.a(adc_common_v1.o)
adc_disable_awd_interrupt                         ../../../../../libopencm3//lib/libopencm3_stm32f4.a(adc_common_v1.o)
adc_disable_discontinuous_mode_injected           ../../../../../libopencm3//lib/libopencm3_stm32f4.a(adc_common_v1.o)
adc_disable_discontinuous_mode_regular            ../../../../../libopencm3//lib/libopencm3_stm32f4.a(adc_common_v1.o)
adc_disable_dma                                   ../../../../../libopencm3//lib/libopencm3_stm32f4.a(adc_common_v1.o)
adc_disable_eoc_interrupt                         ../../../../../libopencm3//lib/libopencm3_stm32f4.a(adc_common_v1.o)
adc_disable_eoc_interrupt_injected                ../../../../../libopencm3//lib/libopencm3_stm32f4.a(adc_common_v1.o)
adc_disable_external_trigger_injected             ../../../../../libopencm3//lib/libopencm3_stm32f4.a(adc_common_v1_multi.o)
                                                  ../../../../../libopencm3//lib/libopencm3_stm32f4.a(adc_common_v1.o)
adc_disable_external_trigger_regular              ../../../../../libopencm3//lib/libopencm3_stm32f4.a(adc_common_v1_multi.o)
adc_disable_overrun_interrupt                     ../../../../../libopencm3//lib/libopencm3_stm32f4.a(adc_common_v1_multi.o)
adc_disable_scan_mode                             ../../../../../libopencm3//lib/libopencm3_stm32f4.a(adc_common_v1.o)
                                                  spi-mems.o
adc_disable_temperature_sensor                    ../../../../../libopencm3//lib/libopencm3_stm32f4.a(adc_common_v1_multi.o)
adc_disable_vbat_sensor                           ../../../../../libopencm3//lib/libopencm3_stm32f4.a(adc_common_f47.o)
adc_enable_analog_watchdog_injected               ../../../../../libopencm3//lib/libopencm3_stm32f4.a(adc_common_v1.o)
adc_enable_analog_watchdog_on_all_channels        ../../../../../libopencm3//lib/libopencm3_stm32f4.a(adc_common_v1.o)
adc_enable_analog_watchdog_on_selected_channel    ../../../../../libopencm3//lib/libopencm3_stm32f4.a(adc_common_v1.o)
adc_enable_analog_watchdog_regular                ../../../../../libopencm3//lib/libopencm3_stm32f4.a(adc_common_v1.o)
adc_enable_automatic_injected_group_conversion    ../../../../../libopencm3//lib/libopencm3_stm32f4.a(adc_common_v1.o)
adc_enable_awd_interrupt                          ../../../../../libopencm3//lib/libopencm3_stm32f4.a(adc_common_v1.o)
adc_enable_discontinuous_mode_injected            ../../../../../libopencm3//lib/libopencm3_stm32f4.a(adc_common_v1.o)
adc_enable_discontinuous_mode_regular             ../../../../../libopencm3//lib/libopencm3_stm32f4.a(adc_common_v1.o)
adc_enable_dma                                    ../../../../../libopencm3//lib/libopencm3_stm32f4.a(adc_common_v1.o)
adc_enable_eoc_interrupt                          ../../../../../libopencm3//lib/libopencm3_stm32f4.a(adc_common_v1.o)
adc_enable_eoc_interrupt_injected                 ../../../../../libopencm3//lib/libopencm3_stm32f4.a(adc_common_v1.o)
adc_enable_external_trigger_injected              ../../../../../libopencm3//lib/libopencm3_stm32f4.a(adc_common_v1_multi.o)
adc_enable_external_trigger_regular               ../../../../../libopencm3//lib/libopencm3_stm32f4.a(adc_common_v1_multi.o)
adc_enable_overrun_interrupt                      ../../../../../libopencm3//lib/libopencm3_stm32f4.a(adc_common_v1_multi.o)
adc_enable_scan_mode                              ../../../../../libopencm3//lib/libopencm3_stm32f4.a(adc_common_v1.o)
adc_enable_temperature_sensor                     ../../../../../libopencm3//lib/libopencm3_stm32f4.a(adc_common_v1_multi.o)
adc_enable_vbat_sensor                            ../../../../../libopencm3//lib/libopencm3_stm32f4.a(adc_common_f47.o)
adc_eoc                                           ../../../../../libopencm3//lib/libopencm3_stm32f4.a(adc_common_v1.o)
                                                  spi-mems.o
adc_eoc_after_each                                ../../../../../libopencm3//lib/libopencm3_stm32f4.a(adc_common_v1_multi.o)
adc_eoc_after_group                               ../../../../../libopencm3//lib/libopencm3_stm32f4.a(adc_common_v1_multi.o)
adc_eoc_injected                                  ../../../../../libopencm3//lib/libopencm3_stm32f4.a(adc_common_v1.o)
adc_get_flag                                      ../../../../../libopencm3//lib/libopencm3_stm32f4.a(adc_common_v1.o)
adc_get_overrun_flag                              ../../../../../libopencm3//lib/libopencm3_stm32f4.a(adc_common_v1_multi.o)
adc_isr                                           ../../../../../libopencm3//lib/libopencm3_stm32f4.a(vector.o)
adc_power_off                                     ../../../../../libopencm3//lib/libopencm3_stm32f4.a(adc_common_v1.o)
                                                  spi-mems.o
adc_power_on                                      ../../../../../libopencm3//lib/libopencm3_stm32f4.a(adc_common_v1_multi.o)
                                                  spi-mems.o
adc_read_injected                                 ../../../../../libopencm3//lib/libopencm3_stm32f4.a(adc_common_v1.o)
adc_read_regular                                  ../../../../../libopencm3//lib/libopencm3_stm32f4.a(adc_common_v1.o)
                                                  spi-mems.o
adc_set_clk_prescale                              ../../../../../libopencm3//lib/libopencm3_stm32f4.a(adc_common_v1_multi.o)
adc_set_continuous_conversion_mode                ../../../../../libopencm3//lib/libopencm3_stm32f4.a(adc_common_v1.o)
adc_set_dma_continue                              ../../../../../libopencm3//lib/libopencm3_stm32f4.a(adc_common_v1_multi.o)
adc_set_dma_terminate                             ../../../../../libopencm3//lib/libopencm3_stm32f4.a(adc_common_v1_multi.o)
adc_set_injected_offset                           ../../../../../libopencm3//lib/libopencm3_stm32f4.a(adc_common_v1.o)
adc_set_injected_sequence                         ../../../../../libopencm3//lib/libopencm3_stm32f4.a(adc_common_v1.o)
adc_set_left_aligned                              ../../../../../libopencm3//lib/libopencm3_stm32f4.a(adc_common_v1.o)
adc_set_multi_mode                                ../../../../../libopencm3//lib/libopencm3_stm32f4.a(adc_common_f47.o)
adc_set_regular_sequence                          ../../../../../libopencm3//lib/libopencm3_stm32f4.a(adc_common_v1.o)
                                                  spi-mems.o
adc_set_resolution                                ../../../../../libopencm3//lib/libopencm3_stm32f4.a(adc_common_v1_multi.o)
adc_set_right_aligned                             ../../../../../libopencm3//lib/libopencm3_stm32f4.a(adc_common_v1.o)
adc_set_sample_time                               ../../../../../libopencm3//lib/libopencm3_stm32f4.a(adc_common_f47.o)
adc_set_sample_time_on_all_channels               ../../../../../libopencm3//lib/libopencm3_stm32f4.a(adc_common_f47.o)
                                                  spi-mems.o
adc_set_single_conversion_mode                    ../../../../../libopencm3//lib/libopencm3_stm32f4.a(adc_common_v1.o)
adc_set_watchdog_high_threshold                   ../../../../../libopencm3//lib/libopencm3_stm32f4.a(adc_common_v1.o)
adc_set_watchdog_low_threshold                    ../../../../../libopencm3//lib/libopencm3_stm32f4.a(adc_common_v1.o)
adc_start_conversion_injected                     ../../../../../libopencm3//lib/libopencm3_stm32f4.a(adc_common_v1.o)
adc_start_conversion_regular                      ../../../../../libopencm3//lib/libopencm3_stm32f4.a(adc_common_v1.o)
                                                  spi-mems.o
adc_update                                        spi-mems.o
axes                                              spi-mems.o
batt_alarm                                        spi-mems.o
battery                                           spi-mems.o
blocking_handler                                  ../../../../../libopencm3//lib/libopencm3_stm32f4.a(vector.o)
bus_fault_handler                                 ../../../../../libopencm3//lib/libopencm3_stm32f4.a(vector.o)
can1_rx0_isr                                      ../../../../../libopencm3//lib/libopencm3_stm32f4.a(vector.o)
can1_rx1_isr                                      ../../../../../libopencm3//lib/libopencm3_stm32f4.a(vector.o)
can1_sce_isr                                      ../../../../../libopencm3//lib/libopencm3_stm32f4.a(vector.o)
can1_tx_isr                                       ../../../../../libopencm3//lib/libopencm3_stm32f4.a(vector.o)
can2_rx0_isr                                      ../../../../../libopencm3//lib/libopencm3_stm32f4.a(vector.o)
can2_rx1_isr                                      ../../../../../libopencm3//lib/libopencm3_stm32f4.a(vector.o)
can2_sce_isr                                      ../../../../../libopencm3//lib/libopencm3_stm32f4.a(vector.o)
can2_tx_isr                                       ../../../../../libopencm3//lib/libopencm3_stm32f4.a(vector.o)
clock_setup                                       clock.o
                                                  spi-mems.o
com_en                                            spi-mems.o
console_getc                                      console.o
console_gets                                      console.o
console_putc                                      console.o
                                                  spi-mems.o
                                                  lcd-spi.o
console_puts                                      console.o
                                                  spi-mems.o
                                                  lcd-spi.o
console_setup                                     console.o
                                                  spi-mems.o
cryp_isr                                          ../../../../../libopencm3//lib/libopencm3_stm32f4.a(vector.o)
cur_frame                                         lcd-spi.o
dcmi_isr                                          ../../../../../libopencm3//lib/libopencm3_stm32f4.a(vector.o)
debug_monitor_handler                             ../../../../../libopencm3//lib/libopencm3_stm32f4.a(vector.o)
display_frame                                     lcd-spi.o
dma1_stream0_isr                                  ../../../../../libopencm3//lib/libopencm3_stm32f4.a(vector.o)
dma1_stream1_isr                                  ../../../../../libopencm3//lib/libopencm3_stm32f4.a(vector.o)
dma1_stream2_isr                                  ../../../../../libopencm3//lib/libopencm3_stm32f4.a(vector.o)
dma1_stream3_isr                                  ../../../../../libopencm3//lib/libopencm3_stm32f4.a(vector.o)
dma1_stream4_isr                                  ../../../../../libopencm3//lib/libopencm3_stm32f4.a(vector.o)
dma1_stream5_isr                                  ../../../../../libopencm3//lib/libopencm3_stm32f4.a(vector.o)
dma1_stream6_isr                                  ../../../../../libopencm3//lib/libopencm3_stm32f4.a(vector.o)
dma1_stream7_isr                                  ../../../../../libopencm3//lib/libopencm3_stm32f4.a(vector.o)
dma2_stream0_isr                                  ../../../../../libopencm3//lib/libopencm3_stm32f4.a(vector.o)
dma2_stream1_isr                                  ../../../../../libopencm3//lib/libopencm3_stm32f4.a(vector.o)
dma2_stream2_isr                                  ../../../../../libopencm3//lib/libopencm3_stm32f4.a(vector.o)
dma2_stream3_isr                                  ../../../../../libopencm3//lib/libopencm3_stm32f4.a(vector.o)
dma2_stream4_isr                                  ../../../../../libopencm3//lib/libopencm3_stm32f4.a(vector.o)
dma2_stream5_isr                                  ../../../../../libopencm3//lib/libopencm3_stm32f4.a(vector.o)
dma2_stream6_isr                                  ../../../../../libopencm3//lib/libopencm3_stm32f4.a(vector.o)
dma2_stream7_isr                                  ../../../../../libopencm3//lib/libopencm3_stm32f4.a(vector.o)
dma2d_isr                                         ../../../../../libopencm3//lib/libopencm3_stm32f4.a(vector.o)
eth_isr                                           ../../../../../libopencm3//lib/libopencm3_stm32f4.a(vector.o)
eth_wkup_isr                                      ../../../../../libopencm3//lib/libopencm3_stm32f4.a(vector.o)
exti0_isr                                         ../../../../../libopencm3//lib/libopencm3_stm32f4.a(vector.o)
exti15_10_isr                                     ../../../../../libopencm3//lib/libopencm3_stm32f4.a(vector.o)
exti1_isr                                         ../../../../../libopencm3//lib/libopencm3_stm32f4.a(vector.o)
exti2_isr                                         ../../../../../libopencm3//lib/libopencm3_stm32f4.a(vector.o)
exti3_isr                                         ../../../../../libopencm3//lib/libopencm3_stm32f4.a(vector.o)
exti4_isr                                         ../../../../../libopencm3//lib/libopencm3_stm32f4.a(vector.o)
exti9_5_isr                                       ../../../../../libopencm3//lib/libopencm3_stm32f4.a(vector.o)
flash_dcache_disable                              ../../../../../libopencm3//lib/libopencm3_stm32f4.a(flash_common_idcache.o)
                                                  ../../../../../libopencm3//lib/libopencm3_stm32f4.a(rcc.o)
flash_dcache_enable                               ../../../../../libopencm3//lib/libopencm3_stm32f4.a(flash_common_idcache.o)
                                                  ../../../../../libopencm3//lib/libopencm3_stm32f4.a(rcc.o)
flash_dcache_reset                                ../../../../../libopencm3//lib/libopencm3_stm32f4.a(flash_common_idcache.o)
flash_icache_disable                              ../../../../../libopencm3//lib/libopencm3_stm32f4.a(flash_common_idcache.o)
                                                  ../../../../../libopencm3//lib/libopencm3_stm32f4.a(rcc.o)
flash_icache_enable                               ../../../../../libopencm3//lib/libopencm3_stm32f4.a(flash_common_idcache.o)
                                                  ../../../../../libopencm3//lib/libopencm3_stm32f4.a(rcc.o)
flash_icache_reset                                ../../../../../libopencm3//lib/libopencm3_stm32f4.a(flash_common_idcache.o)
flash_isr                                         ../../../../../libopencm3//lib/libopencm3_stm32f4.a(vector.o)
flash_prefetch_disable                            ../../../../../libopencm3//lib/libopencm3_stm32f4.a(flash_common_all.o)
flash_prefetch_enable                             ../../../../../libopencm3//lib/libopencm3_stm32f4.a(flash_common_all.o)
flash_set_ws                                      ../../../../../libopencm3//lib/libopencm3_stm32f4.a(flash_common_all.o)
                                                  ../../../../../libopencm3//lib/libopencm3_stm32f4.a(rcc.o)
flash_unlock_option_bytes                         ../../../../../libopencm3//lib/libopencm3_stm32f4.a(flash_common_all.o)
fpu_isr                                           ../../../../../libopencm3//lib/libopencm3_stm32f4.a(vector.o)
fsmc_isr                                          ../../../../../libopencm3//lib/libopencm3_stm32f4.a(vector.o)
gfx_drawBitmap                                    gfx.o
gfx_drawChar                                      gfx.o
gfx_drawCircle                                    gfx.o
gfx_drawCircleHelper                              gfx.o
gfx_drawFastHLine                                 gfx.o
gfx_drawFastVLine                                 gfx.o
gfx_drawLine                                      gfx.o
gfx_drawPixel                                     gfx.o
gfx_drawRect                                      gfx.o
gfx_drawRoundRect                                 gfx.o
                                                  spi-mems.o
gfx_drawTriangle                                  gfx.o
gfx_fillCircle                                    gfx.o
                                                  spi-mems.o
gfx_fillCircleHelper                              gfx.o
gfx_fillRect                                      gfx.o
gfx_fillRoundRect                                 gfx.o
                                                  spi-mems.o
gfx_fillScreen                                    gfx.o
                                                  spi-mems.o
gfx_fillTriangle                                  gfx.o
gfx_getRotation                                   gfx.o
gfx_height                                        gfx.o
gfx_init                                          gfx.o
                                                  spi-mems.o
gfx_puts                                          gfx.o
                                                  spi-mems.o
gfx_setCursor                                     gfx.o
                                                  spi-mems.o
gfx_setRotation                                   gfx.o
gfx_setTextColor                                  gfx.o
                                                  spi-mems.o
gfx_setTextSize                                   gfx.o
                                                  spi-mems.o
gfx_setTextWrap                                   gfx.o
gfx_width                                         gfx.o
gfx_write                                         gfx.o
gpio_clear                                        ../../../../../libopencm3//lib/libopencm3_stm32f4.a(gpio_common_all.o)
                                                  spi-mems.o
                                                  lcd-spi.o
gpio_get                                          ../../../../../libopencm3//lib/libopencm3_stm32f4.a(gpio_common_all.o)
gpio_mode_setup                                   ../../../../../libopencm3//lib/libopencm3_stm32f4.a(gpio_common_f0234.o)
                                                  spi-mems.o
                                                  lcd-spi.o
                                                  console.o
                                                  sdram.o
gpio_port_config_lock                             ../../../../../libopencm3//lib/libopencm3_stm32f4.a(gpio_common_all.o)
gpio_port_read                                    ../../../../../libopencm3//lib/libopencm3_stm32f4.a(gpio_common_all.o)
gpio_port_write                                   ../../../../../libopencm3//lib/libopencm3_stm32f4.a(gpio_common_all.o)
gpio_set                                          ../../../../../libopencm3//lib/libopencm3_stm32f4.a(gpio_common_all.o)
                                                  spi-mems.o
                                                  lcd-spi.o
gpio_set_af                                       ../../../../../libopencm3//lib/libopencm3_stm32f4.a(gpio_common_f0234.o)
                                                  spi-mems.o
                                                  lcd-spi.o
                                                  console.o
                                                  sdram.o
gpio_set_output_options                           ../../../../../libopencm3//lib/libopencm3_stm32f4.a(gpio_common_f0234.o)
                                                  sdram.o
gpio_toggle                                       ../../../../../libopencm3//lib/libopencm3_stm32f4.a(gpio_common_all.o)
                                                  spi-mems.o
hard_fault_handler                                ../../../../../libopencm3//lib/libopencm3_stm32f4.a(vector.o)
hash_rng_isr                                      ../../../../../libopencm3//lib/libopencm3_stm32f4.a(vector.o)
i2c1_er_isr                                       ../../../../../libopencm3//lib/libopencm3_stm32f4.a(vector.o)
i2c1_ev_isr                                       ../../../../../libopencm3//lib/libopencm3_stm32f4.a(vector.o)
i2c2_er_isr                                       ../../../../../libopencm3//lib/libopencm3_stm32f4.a(vector.o)
i2c2_ev_isr                                       ../../../../../libopencm3//lib/libopencm3_stm32f4.a(vector.o)
i2c3_er_isr                                       ../../../../../libopencm3//lib/libopencm3_stm32f4.a(vector.o)
i2c3_ev_isr                                       ../../../../../libopencm3//lib/libopencm3_stm32f4.a(vector.o)
initialization                                    lcd-spi.o
lcd_draw_pixel                                    lcd-spi.o
                                                  spi-mems.o
lcd_show_frame                                    lcd-spi.o
                                                  spi-mems.o
lcd_spi_init                                      lcd-spi.o
                                                  spi-mems.o
lcd_tft_err_isr                                   ../../../../../libopencm3//lib/libopencm3_stm32f4.a(vector.o)
lcd_tft_isr                                       ../../../../../libopencm3//lib/libopencm3_stm32f4.a(vector.o)
main                                              spi-mems.o
                                                  ../../../../../libopencm3//lib/libopencm3_stm32f4.a(vector.o)
mem_manage_handler                                ../../../../../libopencm3//lib/libopencm3_stm32f4.a(vector.o)
msleep                                            clock.o
                                                  spi-mems.o
                                                  lcd-spi.o
                                                  sdram.o
mtime                                             clock.o
nmi_handler                                       ../../../../../libopencm3//lib/libopencm3_stm32f4.a(vector.o)
null_handler                                      ../../../../../libopencm3//lib/libopencm3_stm32f4.a(vector.o)
nvic_clear_pending_irq                            ../../../../../libopencm3//lib/libopencm3_stm32f4.a(nvic.o)
nvic_disable_irq                                  ../../../../../libopencm3//lib/libopencm3_stm32f4.a(nvic.o)
nvic_enable_irq                                   ../../../../../libopencm3//lib/libopencm3_stm32f4.a(nvic.o)
                                                  console.o
nvic_generate_software_interrupt                  ../../../../../libopencm3//lib/libopencm3_stm32f4.a(nvic.o)
nvic_get_active_irq                               ../../../../../libopencm3//lib/libopencm3_stm32f4.a(nvic.o)
nvic_get_irq_enabled                              ../../../../../libopencm3//lib/libopencm3_stm32f4.a(nvic.o)
nvic_get_pending_irq                              ../../../../../libopencm3//lib/libopencm3_stm32f4.a(nvic.o)
nvic_set_pending_irq                              ../../../../../libopencm3//lib/libopencm3_stm32f4.a(nvic.o)
nvic_set_priority                                 ../../../../../libopencm3//lib/libopencm3_stm32f4.a(nvic.o)
nvic_wwdg_isr                                     ../../../../../libopencm3//lib/libopencm3_stm32f4.a(vector.o)
otg_fs_isr                                        ../../../../../libopencm3//lib/libopencm3_stm32f4.a(vector.o)
otg_hs_ep1_in_isr                                 ../../../../../libopencm3//lib/libopencm3_stm32f4.a(vector.o)
otg_hs_ep1_out_isr                                ../../../../../libopencm3//lib/libopencm3_stm32f4.a(vector.o)
otg_hs_isr                                        ../../../../../libopencm3//lib/libopencm3_stm32f4.a(vector.o)
otg_hs_wkup_isr                                   ../../../../../libopencm3//lib/libopencm3_stm32f4.a(vector.o)
pend_sv_handler                                   ../../../../../libopencm3//lib/libopencm3_stm32f4.a(vector.o)
print_decimal                                     spi-mems.o
pvd_isr                                           ../../../../../libopencm3//lib/libopencm3_stm32f4.a(vector.o)
pwr_set_vos_scale                                 ../../../../../libopencm3//lib/libopencm3_stm32f4.a(pwr.o)
                                                  ../../../../../libopencm3//lib/libopencm3_stm32f4.a(rcc.o)
rcc_ahb_frequency                                 ../../../../../libopencm3//lib/libopencm3_stm32f4.a(rcc.o)
rcc_apb1_frequency                                ../../../../../libopencm3//lib/libopencm3_stm32f4.a(rcc.o)
                                                  ../../../../../libopencm3//lib/libopencm3_stm32f4.a(usart_common_all.o)
rcc_apb2_frequency                                ../../../../../libopencm3//lib/libopencm3_stm32f4.a(rcc.o)
                                                  ../../../../../libopencm3//lib/libopencm3_stm32f4.a(usart_common_all.o)
rcc_clock_setup_hse_3v3                           ../../../../../libopencm3//lib/libopencm3_stm32f4.a(rcc.o)
rcc_clock_setup_pll                               ../../../../../libopencm3//lib/libopencm3_stm32f4.a(rcc.o)
                                                  clock.o
rcc_css_disable                                   ../../../../../libopencm3//lib/libopencm3_stm32f4.a(rcc.o)
rcc_css_enable                                    ../../../../../libopencm3//lib/libopencm3_stm32f4.a(rcc.o)
rcc_css_int_clear                                 ../../../../../libopencm3//lib/libopencm3_stm32f4.a(rcc.o)
rcc_css_int_flag                                  ../../../../../libopencm3//lib/libopencm3_stm32f4.a(rcc.o)
rcc_get_div_from_hpre                             ../../../../../libopencm3//lib/libopencm3_stm32f4.a(rcc_common_all.o)
rcc_get_i2c_clk_freq                              ../../../../../libopencm3//lib/libopencm3_stm32f4.a(rcc.o)
rcc_get_spi_clk_freq                              ../../../../../libopencm3//lib/libopencm3_stm32f4.a(rcc.o)
rcc_get_timer_clk_freq                            ../../../../../libopencm3//lib/libopencm3_stm32f4.a(rcc.o)
rcc_get_usart_clk_freq                            ../../../../../libopencm3//lib/libopencm3_stm32f4.a(rcc.o)
rcc_hse_12mhz_3v3                                 ../../../../../libopencm3//lib/libopencm3_stm32f4.a(rcc.o)
rcc_hse_16mhz_3v3                                 ../../../../../libopencm3//lib/libopencm3_stm32f4.a(rcc.o)
rcc_hse_25mhz_3v3                                 ../../../../../libopencm3//lib/libopencm3_stm32f4.a(rcc.o)
rcc_hse_8mhz_3v3                                  ../../../../../libopencm3//lib/libopencm3_stm32f4.a(rcc.o)
                                                  clock.o
rcc_hsi_configs                                   ../../../../../libopencm3//lib/libopencm3_stm32f4.a(rcc.o)
rcc_is_osc_ready                                  ../../../../../libopencm3//lib/libopencm3_stm32f4.a(rcc.o)
rcc_isr                                           ../../../../../libopencm3//lib/libopencm3_stm32f4.a(vector.o)
rcc_osc_bypass_disable                            ../../../../../libopencm3//lib/libopencm3_stm32f4.a(rcc_common_all.o)
rcc_osc_bypass_enable                             ../../../../../libopencm3//lib/libopencm3_stm32f4.a(rcc_common_all.o)
rcc_osc_off                                       ../../../../../libopencm3//lib/libopencm3_stm32f4.a(rcc.o)
rcc_osc_on                                        ../../../../../libopencm3//lib/libopencm3_stm32f4.a(rcc.o)
rcc_osc_ready_int_clear                           ../../../../../libopencm3//lib/libopencm3_stm32f4.a(rcc.o)
rcc_osc_ready_int_disable                         ../../../../../libopencm3//lib/libopencm3_stm32f4.a(rcc.o)
rcc_osc_ready_int_enable                          ../../../../../libopencm3//lib/libopencm3_stm32f4.a(rcc.o)
rcc_osc_ready_int_flag                            ../../../../../libopencm3//lib/libopencm3_stm32f4.a(rcc.o)